

================================================================
== Vivado HLS Report for 'sample_iterator_get_offset'
================================================================
* Date:           Mon Jul 14 21:51:14 2014

* Version:        2014.1 (build date: Fri Apr 04 13:20:25 PM 2014)
* Project:        oil_plainc_hls
* Solution:       solution_virtex5
* Product family: virtex5 virtex5_fpv5 
* Target device:  xc5vlx50tff1136-3


================================================================
== Performance Estimates
================================================================
+ Timing (ns): 
    * Summary: 
    +---------+-------+----------+------------+
    |  Clock  | Target| Estimated| Uncertainty|
    +---------+-------+----------+------------+
    |default  |   8.00|      5.00|        3.00|
    +---------+-------+----------+------------+

+ Latency (clock cycles): 
    * Summary: 
    +-----+-----+-----+-----+----------+
    |  Latency  |  Interval | Pipeline |
    | min | max | min | max |   Type   |
    +-----+-----+-----+-----+----------+
    |    3|    3|    1|    1| function |
    +-----+-----+-----+-----+----------+

    + Detail: 
        * Instance: 
        N/A

        * Loop: 
        N/A



================================================================
== Utilization Estimates
================================================================
* Summary: 
+-----------------+---------+-------+-------+-------+
|       Name      | BRAM_18K| DSP48E|   FF  |  LUT  |
+-----------------+---------+-------+-------+-------+
|Expression       |        -|      1|      0|      0|
|FIFO             |        -|      -|      -|      -|
|Instance         |        -|      -|      -|      -|
|Memory           |        -|      -|      -|      -|
|Multiplexer      |        -|      -|      -|      -|
|Register         |        -|      -|     60|     16|
+-----------------+---------+-------+-------+-------+
|Total            |        0|      1|     60|     16|
+-----------------+---------+-------+-------+-------+
|Available        |      120|     48|  28800|  28800|
+-----------------+---------+-------+-------+-------+
|Utilization (%)  |        0|      2|   ~0  |   ~0  |
+-----------------+---------+-------+-------+-------+

+ Detail: 
    * Instance: 
    N/A

    * Memory: 
    N/A

    * FIFO: 
    N/A

    * Expression: 
    +-----------------+----------+-------+---+----+------------+------------+
    |  Variable Name  | Operation| DSP48E| FF| LUT| Bitwidth P0| Bitwidth P1|
    +-----------------+----------+-------+---+----+------------+------------+
    |tmp_6_fu_112_p2  |     *    |      1|  0|   0|          16|           8|
    +-----------------+----------+-------+---+----+------------+------------+
    |Total            |          |      1|  0|   0|          16|           8|
    +-----------------+----------+-------+---+----+------------+------------+

    * Multiplexer: 
    N/A

    * Register: 
    +---------------------------------+----+----+-----+-----------+
    |               Name              | FF | LUT| Bits| Const Bits|
    +---------------------------------+----+----+-----+-----------+
    |ap_CS_fsm                        |   1|   0|    1|          0|
    |ap_reg_ppiten_pp0_it1            |   1|   0|    1|          0|
    |ap_reg_ppiten_pp0_it2            |   1|   0|    1|          0|
    |ap_reg_ppiten_pp0_it3            |   1|   0|    1|          0|
    |i_sample_read_reg_127            |  16|   0|   16|          0|
    |indices_stride_load_new_reg_143  |   8|   0|    8|          0|
    |tmp_9_reg_138                    |  32|   0|   32|          0|
    |i_sample_read_reg_127            |   0|  16|   16|          0|
    +---------------------------------+----+----+-----+-----------+
    |Total                            |  60|  16|   76|          0|
    +---------------------------------+----+----+-----+-----------+



================================================================
== Interface
================================================================
* Summary: 
+---------------------+-----+-----+------------+----------------------------+--------------+
|      RTL Ports      | Dir | Bits|  Protocol  |        Source Object       |    C Type    |
+---------------------+-----+-----+------------+----------------------------+--------------+
|ap_clk               |  in |    1| ap_ctrl_hs | sample_iterator_get_offset | return value |
|ap_rst               |  in |    1| ap_ctrl_hs | sample_iterator_get_offset | return value |
|ap_start             |  in |    1| ap_ctrl_hs | sample_iterator_get_offset | return value |
|ap_done              | out |    1| ap_ctrl_hs | sample_iterator_get_offset | return value |
|ap_idle              | out |    1| ap_ctrl_hs | sample_iterator_get_offset | return value |
|ap_ready             | out |    1| ap_ctrl_hs | sample_iterator_get_offset | return value |
|ap_ce                |  in |    1| ap_ctrl_hs | sample_iterator_get_offset | return value |
|ap_return            | out |   32| ap_ctrl_hs | sample_iterator_get_offset | return value |
|indices_req_din      | out |    1|   ap_bus   |           indices          |    pointer   |
|indices_req_full_n   |  in |    1|   ap_bus   |           indices          |    pointer   |
|indices_req_write    | out |    1|   ap_bus   |           indices          |    pointer   |
|indices_rsp_empty_n  |  in |    1|   ap_bus   |           indices          |    pointer   |
|indices_rsp_read     | out |    1|   ap_bus   |           indices          |    pointer   |
|indices_address      | out |   32|   ap_bus   |           indices          |    pointer   |
|indices_datain       |  in |   56|   ap_bus   |           indices          |    pointer   |
|indices_dataout      | out |   56|   ap_bus   |           indices          |    pointer   |
|indices_size         | out |   32|   ap_bus   |           indices          |    pointer   |
|i_index              |  in |   16|   ap_none  |           i_index          |    scalar    |
|i_sample             |  in |   16|   ap_none  |          i_sample          |    scalar    |
|sample_buffer_size   |  in |   32|   ap_none  |     sample_buffer_size     |    scalar    |
|sample_length        |  in |   16|   ap_none  |        sample_length       |    scalar    |
+---------------------+-----+-----+------------+----------------------------+--------------+

