C:\Users\JairoAndres\Documents\Vivado\oil_plainc_hls\impl\impl_test_single\implementation\system.ngc 1415486230
C:/Users/JairoAndres/Documents/Vivado/oil_plainc_hls/impl/impl_test_single/implementation/system_microblaze_0_wrapper.ngc 1415485922
C:/Users/JairoAndres/Documents/Vivado/oil_plainc_hls/impl/impl_test_single/implementation/system_mb_plb_wrapper.ngc 1415485922
C:/Users/JairoAndres/Documents/Vivado/oil_plainc_hls/impl/impl_test_single/implementation/system_ilmb_wrapper.ngc 1415485922
C:/Users/JairoAndres/Documents/Vivado/oil_plainc_hls/impl/impl_test_single/implementation/system_dlmb_wrapper.ngc 1415485922
C:/Users/JairoAndres/Documents/Vivado/oil_plainc_hls/impl/impl_test_single/implementation/system_dlmb_cntlr_wrapper.ngc 1415485934
C:/Users/JairoAndres/Documents/Vivado/oil_plainc_hls/impl/impl_test_single/implementation/system_ilmb_cntlr_wrapper.ngc 1415485945
C:/Users/JairoAndres/Documents/Vivado/oil_plainc_hls/impl/impl_test_single/implementation/system_lmb_bram_wrapper.ngc 1415485957
C:/Users/JairoAndres/Documents/Vivado/oil_plainc_hls/impl/impl_test_single/implementation/system_clock_generator_0_wrapper.ngc 1415486064
C:/Users/JairoAndres/Documents/Vivado/oil_plainc_hls/impl/impl_test_single/implementation/system_mdm_0_wrapper.ngc 1415485922
C:/Users/JairoAndres/Documents/Vivado/oil_plainc_hls/impl/impl_test_single/implementation/system_proc_sys_reset_0_wrapper.ngc 1415485922
C:/Users/JairoAndres/Documents/Vivado/oil_plainc_hls/impl/impl_test_single/implementation/system_nfa_accept_samples_generic_hw_top_0_wrapper.ngc 1415486057
OK
