

================================================================
== Vivado HLS Report for 'bitset_next'
================================================================
* Date:           Thu Apr 17 08:59:35 2014

* Version:        2013.4 (build date: Mon Dec 09 17:07:59 PM 2013)
* Project:        oil_plainc_hls
* Solution:       solution_spartan6
* Product family: spartan6 spartan6_fpv6 
* Target device:  xc6slx9ftg256-3


================================================================
== Performance Estimates
================================================================
+ Timing (ns): 
    * Summary: 
    +---------+-------+----------+------------+
    |  Clock  | Target| Estimated| Uncertainty|
    +---------+-------+----------+------------+
    |default  |   1.00|      2.00|        0.13|
    +---------+-------+----------+------------+

+ Latency (clock cycles): 
    * Summary: 
    +-----+-----+-----+-----+----------+
    |  Latency  |  Interval | Pipeline |
    | min | max | min | max |   Type   |
    +-----+-----+-----+-----+----------+
    |   11|   11|    1|    1| function |
    +-----+-----+-----+-----+----------+

    + Detail: 
        * Instance: 
        +-----------------------+------------+-----+-----+-----+-----+----------+
        |                       |            |  Latency  |  Interval | Pipeline |
        |        Instance       |   Module   | min | max | min | max |   Type   |
        +-----------------------+------------+-----+-----+-----+-----+----------+
        |grp_p_bsf32_hw_fu_118  |p_bsf32_hw  |    1|    1|    1|    1| function |
        +-----------------------+------------+-----+-----+-----+-----+----------+

        * Loop: 
        N/A



================================================================
== Utilization Estimates
================================================================
* Summary: 
+-----------------+---------+-------+-------+------+
|       Name      | BRAM_18K| DSP48A|   FF  |  LUT |
+-----------------+---------+-------+-------+------+
|Expression       |        -|      -|      0|   115|
|FIFO             |        -|      -|      -|     -|
|Instance         |        -|      -|    415|   122|
|Memory           |        -|      -|      -|     -|
|Multiplexer      |        -|      -|      -|   116|
|Register         |        -|      -|    191|     -|
|ShiftMemory      |        -|      -|      0|   106|
+-----------------+---------+-------+-------+------+
|Total            |        0|      0|    606|   459|
+-----------------+---------+-------+-------+------+
|Available        |       32|     16|  11440|  5720|
+-----------------+---------+-------+-------+------+
|Utilization (%)  |        0|      0|      5|     8|
+-----------------+---------+-------+-------+------+

+ Detail: 
    * Instance: 
    +-----------------------------------------------------+-------------------------------------------------+---------+-------+-----+----+
    |                       Instance                      |                      Module                     | BRAM_18K| DSP48A|  FF | LUT|
    +-----------------------------------------------------+-------------------------------------------------+---------+-------+-----+----+
    |nfa_accept_samples_generic_hw_add_32ns_32s_32_8_U11  |nfa_accept_samples_generic_hw_add_32ns_32s_32_8  |        0|      0|  375|  32|
    |grp_p_bsf32_hw_fu_118                                |p_bsf32_hw                                       |        0|      0|   40|  90|
    +-----------------------------------------------------+-------------------------------------------------+---------+-------+-----+----+
    |Total                                                |                                                 |        0|      0|  415| 122|
    +-----------------------------------------------------+-------------------------------------------------+---------+-------+-----+----+

    * Memory: 
    N/A

    * FIFO: 
    N/A

    * Shift register: 
    +-----------------------+---+----+-----+-----------+
    |          Name         | FF| LUT| Bits| Const Bits|
    +-----------------------+---+----+-----+-----------+
    |bus_assign_reg_225     |  0|  32|   32|          0|
    |p_read_1_reg_206       |  0|  32|   32|          0|
    |r_bit_read_reg_200     |  0|   8|    8|          0|
    |r_bucket_read_reg_194  |  0|  32|   32|          0|
    |tmp_reg_214            |  0|   2|    2|          0|
    +-----------------------+---+----+-----+-----------+
    |Total                  |  0| 106|  106|          0|
    +-----------------------+---+----+-----+-----------+

    * Expression: 
    +----------------------+----------+-------+---+----+------------+------------+
    |     Variable Name    | Operation| DSP48A| FF| LUT| Bitwidth P0| Bitwidth P1|
    +----------------------+----------+-------+---+----+------------+------------+
    |ap_sig_bdd_139        |    and   |      0|  0|   1|           1|           1|
    |ap_sig_bdd_143        |    and   |      0|  0|   1|           1|           1|
    |bus_assign_fu_137_p2  |    and   |      0|  0|  33|          32|          32|
    |tmp_11_1_fu_151_p2    |   icmp   |      0|  0|  39|          32|           1|
    |tmp_5_fu_141_p2       |   icmp   |      0|  0|  39|          32|           1|
    |tmp_9_1_fu_146_p2     |   icmp   |      0|  0|   2|           2|           1|
    +----------------------+----------+-------+---+----+------------+------------+
    |Total                 |          |      0|  0| 115|         100|          37|
    +----------------------+----------+-------+---+----+------------+------------+

    * Multiplexer: 
    +----------------------------------------------------------------------+----+-----------+-----+-----------+
    |                                 Name                                 | LUT| Input Size| Bits| Total Bits|
    +----------------------------------------------------------------------+----+-----------+-----+-----------+
    |agg_result_bit_write_assign_phi_fu_107_p8                             |   8|          3|    8|         24|
    |agg_result_bucket_index_write_assign_phi_fu_91_p8                     |   2|          3|    2|          6|
    |agg_result_bucket_write_assign_phi_fu_58_p8                           |  32|          3|   32|         96|
    |ap_reg_phiprechg_agg_result_bit_write_assign_reg_104pp0_it11          |   8|          2|    8|         16|
    |ap_reg_phiprechg_agg_result_bucket_index_write_assign_reg_87pp0_it11  |   2|          2|    2|          4|
    |ap_reg_phiprechg_agg_result_bucket_write_assign_reg_54pp0_it11        |  32|          3|   32|         96|
    |grp_p_bsf32_hw_fu_118_bus_r                                           |  32|          3|   32|         96|
    +----------------------------------------------------------------------+----+-----------+-----+-----------+
    |Total                                                                 | 116|         19|  116|        338|
    +----------------------------------------------------------------------+----+-----------+-----+-----------+

    * Register: 
    +----------------------------------------------------------------------+----+-----+-----------+
    |                                 Name                                 | FF | Bits| Const Bits|
    +----------------------------------------------------------------------+----+-----+-----------+
    |ap_reg_phiprechg_agg_result_bit_write_assign_reg_104pp0_it11          |   8|    8|          0|
    |ap_reg_phiprechg_agg_result_bucket_index_write_assign_reg_87pp0_it11  |   2|    2|          0|
    |ap_reg_phiprechg_agg_result_bucket_write_assign_reg_54pp0_it11        |  32|   32|          0|
    |ap_reg_phiprechg_agg_result_end_write_assign_reg_69pp0_it11           |   0|    1|          1|
    |ap_reg_ppstg_tmp_11_1_reg_240_pp0_it10                                |   1|    1|          0|
    |ap_reg_ppstg_tmp_5_reg_232_pp0_it10                                   |   1|    1|          0|
    |ap_reg_ppstg_tmp_9_1_reg_236_pp0_it10                                 |   1|    1|          0|
    |bus_assign_reg_225                                                    |  32|   32|          0|
    |p_read_1_reg_206                                                      |  32|   32|          0|
    |r_bit_read_reg_200                                                    |   8|    8|          0|
    |r_bucket_read_reg_194                                                 |  32|   32|          0|
    |reg_123                                                               |   5|    5|          0|
    |tmp_11_1_reg_240                                                      |   1|    1|          0|
    |tmp_3_reg_220                                                         |  32|   32|          0|
    |tmp_5_reg_232                                                         |   1|    1|          0|
    |tmp_9_1_reg_236                                                       |   1|    1|          0|
    |tmp_reg_214                                                           |   2|    2|          0|
    +----------------------------------------------------------------------+----+-----+-----------+
    |Total                                                                 | 191|  192|          1|
    +----------------------------------------------------------------------+----+-----+-----------+



================================================================
== Interface
================================================================
* Summary: 
+----------------+-----+-----+------------+----------------+--------------+
|    RTL Ports   | Dir | Bits|  Protocol  |  Source Object |    C Type    |
+----------------+-----+-----+------------+----------------+--------------+
|ap_clk          |  in |    1| ap_ctrl_hs |   bitset_next  | return value |
|ap_rst          |  in |    1| ap_ctrl_hs |   bitset_next  | return value |
|ap_return_0     | out |    8| ap_ctrl_hs |   bitset_next  | return value |
|ap_return_1     | out |    8| ap_ctrl_hs |   bitset_next  | return value |
|ap_return_2     | out |   32| ap_ctrl_hs |   bitset_next  | return value |
|ap_return_3     | out |    1| ap_ctrl_hs |   bitset_next  | return value |
|ap_ce           |  in |    1| ap_ctrl_hs |   bitset_next  | return value |
|p_read          |  in |   32|   ap_none  |     p_read     |    scalar    |
|r_bit           |  in |    8|   ap_none  |      r_bit     |    scalar    |
|r_bucket_index  |  in |    8|   ap_none  | r_bucket_index |    scalar    |
|r_bucket        |  in |   32|   ap_none  |    r_bucket    |    scalar    |
+----------------+-----+-----+------------+----------------+--------------+

