

================================================================
== Vivado HLS Report for 'p_bsf32_hw'
================================================================
* Date:           Thu Apr 17 08:59:34 2014

* Version:        2013.4 (build date: Mon Dec 09 17:07:59 PM 2013)
* Project:        oil_plainc_hls
* Solution:       solution_spartan6
* Product family: spartan6 spartan6_fpv6 
* Target device:  xc6slx9ftg256-3


================================================================
== Performance Estimates
================================================================
+ Timing (ns): 
    * Summary: 
    +---------+-------+----------+------------+
    |  Clock  | Target| Estimated| Uncertainty|
    +---------+-------+----------+------------+
    |default  |   1.00|      0.88|        0.13|
    +---------+-------+----------+------------+

+ Latency (clock cycles): 
    * Summary: 
    +-----+-----+-----+-----+----------+
    |  Latency  |  Interval | Pipeline |
    | min | max | min | max |   Type   |
    +-----+-----+-----+-----+----------+
    |    1|    1|    1|    1| function |
    +-----+-----+-----+-----+----------+

    + Detail: 
        * Instance: 
        N/A

        * Loop: 
        N/A



================================================================
== Utilization Estimates
================================================================
* Summary: 
+-----------------+---------+-------+-------+------+
|       Name      | BRAM_18K| DSP48A|   FF  |  LUT |
+-----------------+---------+-------+-------+------+
|Expression       |        -|      -|      0|    31|
|FIFO             |        -|      -|      -|     -|
|Instance         |        -|      -|      -|     -|
|Memory           |        -|      -|      -|     -|
|Multiplexer      |        -|      -|      -|    59|
|Register         |        -|      -|     40|     -|
|ShiftMemory      |        -|      -|      -|     -|
+-----------------+---------+-------+-------+------+
|Total            |        0|      0|     40|    90|
+-----------------+---------+-------+-------+------+
|Available        |       32|     16|  11440|  5720|
+-----------------+---------+-------+-------+------+
|Utilization (%)  |        0|      0|   ~0  |     1|
+-----------------+---------+-------+-------+------+

+ Detail: 
    * Instance: 
    N/A

    * Memory: 
    N/A

    * FIFO: 
    N/A

    * Shift register: 
    N/A

    * Expression: 
    +----------------+----------+-------+---+----+------------+------------+
    |  Variable Name | Operation| DSP48A| FF| LUT| Bitwidth P0| Bitwidth P1|
    +----------------+----------+-------+---+----+------------+------------+
    |ap_sig_bdd_178  |    and   |      0|  0|   1|           1|           1|
    |ap_sig_bdd_183  |    and   |      0|  0|   1|           1|           1|
    |ap_sig_bdd_189  |    and   |      0|  0|   1|           1|           1|
    |ap_sig_bdd_196  |    and   |      0|  0|   1|           1|           1|
    |ap_sig_bdd_204  |    and   |      0|  0|   1|           1|           1|
    |ap_sig_bdd_213  |    and   |      0|  0|   1|           1|           1|
    |ap_sig_bdd_223  |    and   |      0|  0|   1|           1|           1|
    |ap_sig_bdd_234  |    and   |      0|  0|   1|           1|           1|
    |ap_sig_bdd_246  |    and   |      0|  0|   1|           1|           1|
    |ap_sig_bdd_259  |    and   |      0|  0|   1|           1|           1|
    |ap_sig_bdd_273  |    and   |      0|  0|   1|           1|           1|
    |ap_sig_bdd_288  |    and   |      0|  0|   1|           1|           1|
    |ap_sig_bdd_304  |    and   |      0|  0|   1|           1|           1|
    |ap_sig_bdd_321  |    and   |      0|  0|   1|           1|           1|
    |ap_sig_bdd_339  |    and   |      0|  0|   1|           1|           1|
    |ap_sig_bdd_358  |    and   |      0|  0|   1|           1|           1|
    |ap_sig_bdd_378  |    and   |      0|  0|   1|           1|           1|
    |ap_sig_bdd_399  |    and   |      0|  0|   1|           1|           1|
    |ap_sig_bdd_421  |    and   |      0|  0|   1|           1|           1|
    |ap_sig_bdd_444  |    and   |      0|  0|   1|           1|           1|
    |ap_sig_bdd_468  |    and   |      0|  0|   1|           1|           1|
    |ap_sig_bdd_493  |    and   |      0|  0|   1|           1|           1|
    |ap_sig_bdd_519  |    and   |      0|  0|   1|           1|           1|
    |ap_sig_bdd_546  |    and   |      0|  0|   1|           1|           1|
    |ap_sig_bdd_574  |    and   |      0|  0|   1|           1|           1|
    |ap_sig_bdd_603  |    and   |      0|  0|   1|           1|           1|
    |ap_sig_bdd_633  |    and   |      0|  0|   1|           1|           1|
    |ap_sig_bdd_664  |    and   |      0|  0|   1|           1|           1|
    |ap_sig_bdd_696  |    and   |      0|  0|   1|           1|           1|
    |ap_sig_bdd_730  |    and   |      0|  0|   1|           1|           1|
    |ap_sig_bdd_764  |    and   |      0|  0|   1|           1|           1|
    +----------------+----------+-------+---+----+------------+------------+
    |Total           |          |      0|  0|  31|          31|          31|
    +----------------+----------+-------+---+----+------------+------------+

    * Multiplexer: 
    +---------------------------------------+----+-----------+-----+-----------+
    |                  Name                 | LUT| Input Size| Bits| Total Bits|
    +---------------------------------------+----+-----------+-----+-----------+
    |ap_reg_phiprechg_merge_reg_265pp0_it1  |   4|          2|    4|          8|
    |ap_reg_phiprechg_p_s_reg_136pp0_it1    |  50|         32|    5|        160|
    |merge_phi_fu_269_p4                    |   5|          2|    5|         10|
    +---------------------------------------+----+-----------+-----+-----------+
    |Total                                  |  59|         36|   14|        178|
    +---------------------------------------+----+-----------+-----+-----------+

    * Register: 
    +---------------------------------------+---+-----+-----------+
    |                  Name                 | FF| Bits| Const Bits|
    +---------------------------------------+---+-----+-----------+
    |ap_reg_phiprechg_merge_reg_265pp0_it1  |  4|    5|          1|
    |ap_reg_phiprechg_p_s_reg_136pp0_it1    |  5|    5|          0|
    |tmp_10_reg_538                         |  1|    1|          0|
    |tmp_11_reg_542                         |  1|    1|          0|
    |tmp_12_reg_546                         |  1|    1|          0|
    |tmp_13_reg_550                         |  1|    1|          0|
    |tmp_14_reg_554                         |  1|    1|          0|
    |tmp_15_reg_558                         |  1|    1|          0|
    |tmp_16_reg_562                         |  1|    1|          0|
    |tmp_17_reg_566                         |  1|    1|          0|
    |tmp_18_reg_570                         |  1|    1|          0|
    |tmp_19_reg_574                         |  1|    1|          0|
    |tmp_20_reg_578                         |  1|    1|          0|
    |tmp_21_reg_582                         |  1|    1|          0|
    |tmp_22_reg_586                         |  1|    1|          0|
    |tmp_23_reg_590                         |  1|    1|          0|
    |tmp_24_reg_594                         |  1|    1|          0|
    |tmp_25_reg_598                         |  1|    1|          0|
    |tmp_26_reg_602                         |  1|    1|          0|
    |tmp_27_reg_606                         |  1|    1|          0|
    |tmp_28_reg_610                         |  1|    1|          0|
    |tmp_29_reg_614                         |  1|    1|          0|
    |tmp_30_reg_618                         |  1|    1|          0|
    |tmp_31_reg_622                         |  1|    1|          0|
    |tmp_32_reg_626                         |  1|    1|          0|
    |tmp_33_reg_630                         |  1|    1|          0|
    |tmp_34_reg_634                         |  1|    1|          0|
    |tmp_35_reg_638                         |  1|    1|          0|
    |tmp_36_reg_642                         |  1|    1|          0|
    |tmp_7_reg_526                          |  1|    1|          0|
    |tmp_8_reg_530                          |  1|    1|          0|
    |tmp_9_reg_534                          |  1|    1|          0|
    |tmp_reg_522                            |  1|    1|          0|
    +---------------------------------------+---+-----+-----------+
    |Total                                  | 40|   41|          1|
    +---------------------------------------+---+-----+-----------+



================================================================
== Interface
================================================================
* Summary: 
+-----------+-----+-----+------------+--------------+--------------+
| RTL Ports | Dir | Bits|  Protocol  | Source Object|    C Type    |
+-----------+-----+-----+------------+--------------+--------------+
|ap_clk     |  in |    1| ap_ctrl_hs |   _bsf32_hw  | return value |
|ap_rst     |  in |    1| ap_ctrl_hs |   _bsf32_hw  | return value |
|ap_return  | out |    5| ap_ctrl_hs |   _bsf32_hw  | return value |
|ap_ce      |  in |    1| ap_ctrl_hs |   _bsf32_hw  | return value |
|bus_r      |  in |   32|   ap_none  |     bus_r    |    scalar    |
+-----------+-----+-----+------------+--------------+--------------+

