09:25:56 **** Incremental Build of configuration Debug for project test_sim1 ****
make all 
Building file: ../src/main.c
Invoking: MicroBlaze gcc compiler
mb-gcc -Wall -O0 -g3 -c -fmessage-length=0 -I../../test_sim1_bsp/microblaze_0/include -mxl-barrel-shift -mxl-pattern-compare -mcpu=v8.50.c -mno-xl-soft-mul -Wl,--no-relax -ffunction-sections -fdata-sections -MMD -MP -MF"src/main.d" -MT"src/main.d" -o "src/main.o" "../src/main.c"
Finished building: ../src/main.c
 
Building file: ../src/platform.c
Invoking: MicroBlaze gcc compiler
mb-gcc -Wall -O0 -g3 -c -fmessage-length=0 -I../../test_sim1_bsp/microblaze_0/include -mxl-barrel-shift -mxl-pattern-compare -mcpu=v8.50.c -mno-xl-soft-mul -Wl,--no-relax -ffunction-sections -fdata-sections -MMD -MP -MF"src/platform.d" -MT"src/platform.d" -o "src/platform.o" "../src/platform.c"
Finished building: ../src/platform.c
 
Building target: test_sim1.elf
Invoking: MicroBlaze gcc linker
mb-gcc -Wl,-T -Wl,../src/lscript.ld -L../../test_sim1_bsp/microblaze_0/lib -mxl-barrel-shift -mxl-pattern-compare -mcpu=v8.50.c -mno-xl-soft-mul -Wl,--no-relax -Wl,--gc-sections -o "test_sim1.elf"  ./src/main.o ./src/platform.o   -Wl,--start-group,-lxil,-lgcc,-lc,--end-group
Finished building target: test_sim1.elf
 
Invoking: MicroBlaze Print Size
mb-size test_sim1.elf  |tee "test_sim1.elf.size"
   text	   data	    bss	    dec	    hex	filename
   1754	    268	   2090	   4112	   1010	test_sim1.elf
Finished building: test_sim1.elf.size
 
Invoking: Xilinx ELF Check
elfcheck test_sim1.elf -hw ../../impl_test_single_hw_platform/system.xml -pe microblaze_0  |tee "test_sim1.elf.elfcheck"
elfcheck
Xilinx EDK 14.7 Build EDK_P.20131013
Copyright (c) 1995-2012 Xilinx, Inc.  All rights reserved.

Command Line: elfcheck -hw ../../impl_test_single_hw_platform/system.xml -pe
microblaze_0 test_sim1.elf 

ELF file	: test_sim1.elf
elfcheck passed.
Finished building: test_sim1.elf.elfcheck
 

09:25:57 Build Finished (took 1s.578ms)

