

================================================================
== Vivado HLS Report for 'nfa_accept_sample_multi'
================================================================
* Date:           Sat Nov 08 10:20:50 2014

* Version:        2014.1 (build date: Fri Apr 04 13:20:25 PM 2014)
* Project:        oil_plainc_hls
* Solution:       solution_virtex5_plb
* Product family: virtex5 virtex5_fpv5 
* Target device:  xc5vlx50tff1136-3


================================================================
== Performance Estimates
================================================================
+ Timing (ns): 
    * Summary: 
    +---------+-------+----------+------------+
    |  Clock  | Target| Estimated| Uncertainty|
    +---------+-------+----------+------------+
    |default  |  10.00|      7.00|        3.00|
    +---------+-------+----------+------------+

+ Latency (clock cycles): 
    * Summary: 
    +-----+-----+-----+-----+---------+
    |  Latency  |  Interval | Pipeline|
    | min | max | min | max |   Type  |
    +-----+-----+-----+-----+---------+
    |    ?|    ?|    ?|    ?|   none  |
    +-----+-----+-----+-----+---------+

    + Detail: 
        * Instance: 
        +---------------------------------+--------------------+-----+-----+-----+-----+----------+
        |                                 |                    |  Latency  |  Interval | Pipeline |
        |             Instance            |       Module       | min | max | min | max |   Type   |
        +---------------------------------+--------------------+-----+-----+-----+-----+----------+
        |grp_nfa_get_initials_1_fu_12896  |nfa_get_initials_1  |    3|    3|    1|    1| function |
        |grp_nfa_get_finals_1_fu_12905    |nfa_get_finals_1    |    3|    3|    1|    1| function |
        |r_bit_p_bsf32_hw_fu_12914        |p_bsf32_hw          |    0|    0|    1|    1| function |
        +---------------------------------+--------------------+-----+-----+-----+-----+----------+

        * Loop: 
        +-----------------+-----+-----+----------+-----------+-----------+----------+----------+
        |                 |  Latency  | Iteration|  Initiation Interval  |   Trip   |          |
        |    Loop Name    | min | max |  Latency |  achieved |   target  |   Count  | Pipelined|
        +-----------------+-----+-----+----------+-----------+-----------+----------+----------+
        |- Loop 1         |    0|  155|         5|          -|          -|  0 ~ 31  |    no    |
        |- Loop 2         |    ?|    ?|         ?|          -|          -| 0 ~ 1000 |    no    |
        | + Loop 2.1      |    0|  310|  9 ~ 10  |          -|          -|  0 ~ 31  |    no    |
        | + Loop 2.2      |    ?|    ?|         ?|          -|          -|  0 ~ 10  |    no    |
        |  ++ Loop 2.2.1  |    ?|    ?|  3 ~ 21  |          -|          -|         ?|    no    |
        |  ++ Loop 2.2.2  |    0|  124|         4|          -|          -|  0 ~ 31  |    no    |
        +-----------------+-----+-----+----------+-----------+-----------+----------+----------+



================================================================
== Utilization Estimates
================================================================
* Summary: 
+-----------------+---------+-------+-------+-------+
|       Name      | BRAM_18K| DSP48E|   FF  |  LUT  |
+-----------------+---------+-------+-------+-------+
|Expression       |        -|      1|      0|    348|
|FIFO             |        -|      -|      -|      -|
|Instance         |        -|      -|    146|     66|
|Memory           |       12|      -|      0|      0|
|Multiplexer      |        -|      -|      -|   3508|
|Register         |        -|      -|   4509|      -|
+-----------------+---------+-------+-------+-------+
|Total            |       12|      1|   4655|   3922|
+-----------------+---------+-------+-------+-------+
|Available        |      120|     48|  28800|  28800|
+-----------------+---------+-------+-------+-------+
|Utilization (%)  |       10|      2|     16|     13|
+-----------------+---------+-------+-------+-------+

+ Detail: 
    * Instance: 
    +---------------------------------+--------------------+---------+-------+----+----+
    |             Instance            |       Module       | BRAM_18K| DSP48E| FF | LUT|
    +---------------------------------+--------------------+---------+-------+----+----+
    |grp_nfa_get_finals_1_fu_12905    |nfa_get_finals_1    |        0|      0|  73|   5|
    |grp_nfa_get_initials_1_fu_12896  |nfa_get_initials_1  |        0|      0|  73|   5|
    |r_bit_p_bsf32_hw_fu_12914        |p_bsf32_hw          |        0|      0|   0|  56|
    +---------------------------------+--------------------+---------+-------+----+----+
    |Total                            |                    |        0|      0| 146|  66|
    +---------------------------------+--------------------+---------+-------+----+----+

    * Memory: 
    +-------------------+--------------------------------------+---------+------+-----+------+-------------+
    |       Memory      |                Module                | BRAM_18K| Words| Bits| Banks| W*Bits*Banks|
    +-------------------+--------------------------------------+---------+------+-----+------+-------------+
    |next_buckets_U     |nfa_accept_sample_multi_next_buckets  |        4|    16|   64|     1|         1024|
    |current_buckets_U  |nfa_accept_sample_multi_next_buckets  |        4|    16|   64|     1|         1024|
    |tmp_buckets_U      |nfa_accept_sample_multi_next_buckets  |        4|    16|   64|     1|         1024|
    +-------------------+--------------------------------------+---------+------+-----+------+-------------+
    |Total              |                                      |       12|    48|  192|     3|         3072|
    +-------------------+--------------------------------------+---------+------+-----+------+-------------+

    * FIFO: 
    N/A

    * Expression: 
    +-------------------------------+----------+-------+---+----+------------+------------+
    |         Variable Name         | Operation| DSP48E| FF| LUT| Bitwidth P0| Bitwidth P1|
    +-------------------------------+----------+-------+---+----+------------+------------+
    |tmp_6_i_fu_13660_p2            |     *    |      1|  0|   0|           8|           6|
    |i_1_fu_13091_p2                |     +    |      0|  0|  16|          16|           2|
    |k_4_fu_12996_p2                |     +    |      0|  0|   5|           5|           1|
    |k_5_fu_13252_p2                |     +    |      0|  0|   5|           5|           1|
    |k_6_fu_13723_p2                |     +    |      0|  0|   5|           5|           1|
    |k_7_fu_13544_p2                |     +    |      0|  0|   5|           5|           1|
    |state_0_fu_13574_p2            |     +    |      0|  0|   8|           8|           8|
    |sym_offset_0_1_25_fu_13631_p2  |     +    |      0|  0|  32|          32|           1|
    |ap_sig_bdd_1202                |    and   |      0|  0|   1|           1|           1|
    |ap_sig_bdd_1739                |    and   |      0|  0|   1|           1|           1|
    |ap_sig_bdd_1793                |    and   |      0|  0|   1|           1|           1|
    |ap_sig_bdd_1962                |    and   |      0|  0|   1|           1|           1|
    |ap_sig_bdd_2953                |    and   |      0|  0|   1|           1|           1|
    |ap_sig_bdd_2955                |    and   |      0|  0|   1|           1|           1|
    |ap_sig_bdd_2957                |    and   |      0|  0|   1|           1|           1|
    |ap_sig_bdd_2959                |    and   |      0|  0|   1|           1|           1|
    |ap_sig_bdd_2961                |    and   |      0|  0|   1|           1|           1|
    |ap_sig_bdd_2963                |    and   |      0|  0|   1|           1|           1|
    |ap_sig_bdd_2965                |    and   |      0|  0|   1|           1|           1|
    |ap_sig_bdd_2967                |    and   |      0|  0|   1|           1|           1|
    |ap_sig_bdd_2969                |    and   |      0|  0|   1|           1|           1|
    |ap_sig_bdd_2971                |    and   |      0|  0|   1|           1|           1|
    |ap_sig_bdd_2973                |    and   |      0|  0|   1|           1|           1|
    |ap_sig_bdd_2975                |    and   |      0|  0|   1|           1|           1|
    |ap_sig_bdd_2977                |    and   |      0|  0|   1|           1|           1|
    |ap_sig_bdd_2979                |    and   |      0|  0|   1|           1|           1|
    |ap_sig_bdd_2981                |    and   |      0|  0|   1|           1|           1|
    |ap_sig_bdd_2983                |    and   |      0|  0|   1|           1|           1|
    |ap_sig_bdd_327                 |    and   |      0|  0|   1|           1|           1|
    |ap_sig_bdd_369                 |    and   |      0|  0|   1|           1|           1|
    |ap_sig_bdd_395                 |    and   |      0|  0|   1|           1|           1|
    |brmerge_demorgan_fu_13621_p2   |    and   |      0|  0|   1|           1|           1|
    |tmp_8_1_i_fu_13594_p2          |    and   |      0|  0|  32|          32|          32|
    |tmp_8_i_fu_13588_p2            |    and   |      0|  0|  32|          32|          32|
    |exitcond2_fu_13247_p2          |   icmp   |      0|  0|   2|           5|           5|
    |exitcond3_fu_12991_p2          |   icmp   |      0|  0|   2|           5|           5|
    |exitcond_fu_13718_p2           |   icmp   |      0|  0|   2|           5|           5|
    |not_s_fu_13615_p2              |   icmp   |      0|  0|  11|          32|           1|
    |tmp_11_fu_13276_p2             |   icmp   |      0|  0|  11|          32|           1|
    |tmp_27_1_fu_13292_p2           |   icmp   |      0|  0|  11|          32|           1|
    |tmp_6_fu_13097_p2              |   icmp   |      0|  0|   6|          16|           1|
    |tmp_7_fu_13267_p2              |   icmp   |      0|  0|   6|          16|           1|
    |tmp_9_fu_13539_p2              |   icmp   |      0|  0|   2|           5|           5|
    |ap_sig_bdd_2491                |    or    |      0|  0|   1|           1|           1|
    |ap_sig_bdd_2495                |    or    |      0|  0|   1|           1|           1|
    |ap_sig_bdd_2499                |    or    |      0|  0|   1|           1|           1|
    |ap_sig_bdd_2503                |    or    |      0|  0|   1|           1|           1|
    |ap_sig_bdd_2507                |    or    |      0|  0|   1|           1|           1|
    |ap_sig_bdd_2511                |    or    |      0|  0|   1|           1|           1|
    |ap_sig_bdd_2515                |    or    |      0|  0|   1|           1|           1|
    |ap_sig_bdd_2519                |    or    |      0|  0|   1|           1|           1|
    |ap_sig_bdd_2523                |    or    |      0|  0|   1|           1|           1|
    |ap_sig_bdd_2527                |    or    |      0|  0|   1|           1|           1|
    |ap_sig_bdd_2531                |    or    |      0|  0|   1|           1|           1|
    |ap_sig_bdd_2535                |    or    |      0|  0|   1|           1|           1|
    |ap_sig_bdd_2539                |    or    |      0|  0|   1|           1|           1|
    |ap_sig_bdd_2543                |    or    |      0|  0|   1|           1|           1|
    |ap_sig_bdd_2547                |    or    |      0|  0|   1|           1|           1|
    |ap_sig_bdd_2551                |    or    |      0|  0|   1|           1|           1|
    |ap_sig_bdd_2557                |    or    |      0|  0|   1|           1|           1|
    |ap_sig_bdd_2561                |    or    |      0|  0|   1|           1|           1|
    |ap_sig_bdd_2565                |    or    |      0|  0|   1|           1|           1|
    |ap_sig_bdd_2569                |    or    |      0|  0|   1|           1|           1|
    |ap_sig_bdd_2573                |    or    |      0|  0|   1|           1|           1|
    |ap_sig_bdd_2577                |    or    |      0|  0|   1|           1|           1|
    |ap_sig_bdd_2581                |    or    |      0|  0|   1|           1|           1|
    |ap_sig_bdd_2585                |    or    |      0|  0|   1|           1|           1|
    |ap_sig_bdd_2589                |    or    |      0|  0|   1|           1|           1|
    |ap_sig_bdd_2593                |    or    |      0|  0|   1|           1|           1|
    |ap_sig_bdd_2597                |    or    |      0|  0|   1|           1|           1|
    |ap_sig_bdd_2601                |    or    |      0|  0|   1|           1|           1|
    |ap_sig_bdd_2605                |    or    |      0|  0|   1|           1|           1|
    |ap_sig_bdd_2609                |    or    |      0|  0|   1|           1|           1|
    |ap_sig_bdd_2613                |    or    |      0|  0|   1|           1|           1|
    |ap_sig_bdd_2617                |    or    |      0|  0|   1|           1|           1|
    |tmp_1_fu_13609_p2              |    or    |      0|  0|  32|          32|          32|
    |tmp_57_i_fu_13745_p2           |    or    |      0|  0|  32|          32|          32|
    |tmp_6_1_i_fu_13751_p2          |    or    |      0|  0|  32|          32|          32|
    |tmp1_fu_13626_p2               |    xor   |      0|  0|   1|           1|           1|
    |tmp_12_fu_13561_p2             |    xor   |      0|  0|   2|           1|           2|
    +-------------------------------+----------+-------+---+----+------------+------------+
    |Total                          |          |      1|  0| 348|         450|         265|
    +-------------------------------+----------+-------+---+----+------------+------------+

    * Multiplexer: 
    +------------------------------------+-----+-----------+-----+-----------+
    |                Name                | LUT | Input Size| Bits| Total Bits|
    +------------------------------------+-----+-----------+-----+-----------+
    |bus_assign_reg_3684                 |   32|          2|   32|         64|
    |current_buckets_address0            |    4|          5|    4|         20|
    |current_buckets_d0                  |   64|          3|   64|        192|
    |i_reg_1552                          |   16|          2|   16|         32|
    |j_0_bucket_index_reg_3706           |    2|          2|    2|          4|
    |j_bit_addr12_phi_reg_8637           |   40|         16|    8|        128|
    |j_bucket_index_addr13_phi_reg_8675  |   10|         16|    2|         32|
    |k_1_reg_1913                        |    5|          2|    5|         10|
    |k_2_reg_5827                        |    5|          2|    5|         10|
    |k_3_reg_12604                       |    5|          2|    5|         10|
    |k_reg_612                           |    5|          2|    5|         10|
    |next_buckets_address0               |    8|          9|    4|         36|
    |next_buckets_d0                     |   64|          5|   64|        320|
    |nfa_forward_buckets_address         |   32|          3|   32|         96|
    |offset_reg_11634                    |  160|         16|   32|        512|
    |result_address0                     |    4|          4|    4|         16|
    |state_0_1_reg_3896                  |    8|          2|    8|         16|
    |state_0_2_reg_4836                  |    8|          2|    8|         16|
    |state_0_4_reg_9582                  |    8|          2|    8|         16|
    |state_10_1_reg_3786                 |    8|          2|    8|         16|
    |state_10_2_reg_4686                 |    8|          2|    8|         16|
    |state_10_4_reg_9002                 |    8|          2|    8|         16|
    |state_11_1_reg_3775                 |    8|          2|    8|         16|
    |state_11_2_reg_4671                 |    8|          2|    8|         16|
    |state_11_4_reg_8944                 |    8|          2|    8|         16|
    |state_12_1_reg_3764                 |    8|          2|    8|         16|
    |state_12_2_reg_4656                 |    8|          2|    8|         16|
    |state_12_4_reg_8886                 |    8|          2|    8|         16|
    |state_13_1_reg_3753                 |    8|          2|    8|         16|
    |state_13_2_reg_4641                 |    8|          2|    8|         16|
    |state_13_4_reg_8828                 |    8|          2|    8|         16|
    |state_14_1_reg_3742                 |    8|          2|    8|         16|
    |state_14_2_reg_4626                 |    8|          2|    8|         16|
    |state_14_4_reg_8770                 |    8|          2|    8|         16|
    |state_15_1_reg_3731                 |    8|          2|    8|         16|
    |state_15_2_reg_4611                 |    8|          2|    8|         16|
    |state_15_4_reg_8712                 |    8|          2|    8|         16|
    |state_1_1_reg_3885                  |    8|          2|    8|         16|
    |state_1_2_reg_4821                  |    8|          2|    8|         16|
    |state_1_4_reg_9524                  |    8|          2|    8|         16|
    |state_2_1_reg_3874                  |    8|          2|    8|         16|
    |state_2_2_reg_4806                  |    8|          2|    8|         16|
    |state_2_4_reg_9466                  |    8|          2|    8|         16|
    |state_3_1_reg_3863                  |    8|          2|    8|         16|
    |state_3_2_reg_4791                  |    8|          2|    8|         16|
    |state_3_4_reg_9408                  |    8|          2|    8|         16|
    |state_4_1_reg_3852                  |    8|          2|    8|         16|
    |state_4_2_reg_4776                  |    8|          2|    8|         16|
    |state_4_4_reg_9350                  |    8|          2|    8|         16|
    |state_5_1_reg_3841                  |    8|          2|    8|         16|
    |state_5_2_reg_4761                  |    8|          2|    8|         16|
    |state_5_4_reg_9292                  |    8|          2|    8|         16|
    |state_6_1_reg_3830                  |    8|          2|    8|         16|
    |state_6_2_reg_4746                  |    8|          2|    8|         16|
    |state_6_4_reg_9234                  |    8|          2|    8|         16|
    |state_7_1_reg_3819                  |    8|          2|    8|         16|
    |state_7_2_reg_4731                  |    8|          2|    8|         16|
    |state_7_4_reg_9176                  |    8|          2|    8|         16|
    |state_8_1_reg_3808                  |    8|          2|    8|         16|
    |state_8_2_reg_4716                  |    8|          2|    8|         16|
    |state_8_4_reg_9118                  |    8|          2|    8|         16|
    |state_9_1_reg_3797                  |    8|          2|    8|         16|
    |state_9_2_reg_4701                  |    8|          2|    8|         16|
    |state_9_4_reg_9060                  |    8|          2|    8|         16|
    |state_assign_in_reg_12551           |   40|         16|    8|        128|
    |sym_offset_0_1_reg_1902             |   32|          2|   32|         64|
    |sym_offset_0_2_reg_2734             |   32|          2|   32|         64|
    |sym_offset_0_3_reg_4424             |   32|          2|   32|         64|
    |sym_offset_0_4_reg_5571             |   32|          3|   32|         96|
    |sym_offset_0_5_reg_12497            |   32|          2|   32|         64|
    |sym_offset_10_1_reg_1792            |   32|          2|   32|         64|
    |sym_offset_10_2_reg_2194            |   32|          2|   32|         64|
    |sym_offset_10_3_reg_4314            |   32|          2|   32|         64|
    |sym_offset_10_4_reg_5411            |   32|          3|   32|         96|
    |sym_offset_10_5_reg_11957           |   32|          2|   32|         64|
    |sym_offset_11_1_reg_1781            |   32|          2|   32|         64|
    |sym_offset_11_2_reg_2140            |   32|          2|   32|         64|
    |sym_offset_11_3_reg_4303            |   32|          2|   32|         64|
    |sym_offset_11_4_reg_5395            |   32|          3|   32|         96|
    |sym_offset_11_5_reg_11903           |   32|          2|   32|         64|
    |sym_offset_12_1_reg_1770            |   32|          2|   32|         64|
    |sym_offset_12_2_reg_2086            |   32|          2|   32|         64|
    |sym_offset_12_3_reg_4292            |   32|          2|   32|         64|
    |sym_offset_12_4_reg_5379            |   32|          3|   32|         96|
    |sym_offset_12_5_reg_11849           |   32|          2|   32|         64|
    |sym_offset_13_1_reg_1759            |   32|          2|   32|         64|
    |sym_offset_13_2_reg_2032            |   32|          2|   32|         64|
    |sym_offset_13_3_reg_4281            |   32|          2|   32|         64|
    |sym_offset_13_4_reg_5363            |   32|          3|   32|         96|
    |sym_offset_13_5_reg_11795           |   32|          2|   32|         64|
    |sym_offset_14_1_reg_1748            |   32|          2|   32|         64|
    |sym_offset_14_2_reg_1978            |   32|          2|   32|         64|
    |sym_offset_14_3_reg_4270            |   32|          2|   32|         64|
    |sym_offset_14_4_reg_5347            |   32|          3|   32|         96|
    |sym_offset_14_5_reg_11741           |   32|          2|   32|         64|
    |sym_offset_15_1_reg_1737            |   32|          2|   32|         64|
    |sym_offset_15_2_reg_1924            |   32|          2|   32|         64|
    |sym_offset_15_3_reg_4259            |   32|          2|   32|         64|
    |sym_offset_15_4_reg_5331            |   32|          3|   32|         96|
    |sym_offset_15_5_reg_11687           |   32|          2|   32|         64|
    |sym_offset_1_1_reg_1891             |   32|          2|   32|         64|
    |sym_offset_1_2_reg_2680             |   32|          2|   32|         64|
    |sym_offset_1_3_reg_4413             |   32|          2|   32|         64|
    |sym_offset_1_4_reg_5555             |   32|          3|   32|         96|
    |sym_offset_1_5_reg_12443            |   32|          2|   32|         64|
    |sym_offset_2_1_reg_1880             |   32|          2|   32|         64|
    |sym_offset_2_2_reg_2626             |   32|          2|   32|         64|
    |sym_offset_2_3_reg_4402             |   32|          2|   32|         64|
    |sym_offset_2_4_reg_5539             |   32|          3|   32|         96|
    |sym_offset_2_5_reg_12389            |   32|          2|   32|         64|
    |sym_offset_3_1_reg_1869             |   32|          2|   32|         64|
    |sym_offset_3_2_reg_2572             |   32|          2|   32|         64|
    |sym_offset_3_3_reg_4391             |   32|          2|   32|         64|
    |sym_offset_3_4_reg_5523             |   32|          3|   32|         96|
    |sym_offset_3_5_reg_12335            |   32|          2|   32|         64|
    |sym_offset_4_1_reg_1858             |   32|          2|   32|         64|
    |sym_offset_4_2_reg_2518             |   32|          2|   32|         64|
    |sym_offset_4_3_reg_4380             |   32|          2|   32|         64|
    |sym_offset_4_4_reg_5507             |   32|          3|   32|         96|
    |sym_offset_4_5_reg_12281            |   32|          2|   32|         64|
    |sym_offset_5_1_reg_1847             |   32|          2|   32|         64|
    |sym_offset_5_2_reg_2464             |   32|          2|   32|         64|
    |sym_offset_5_3_reg_4369             |   32|          2|   32|         64|
    |sym_offset_5_4_reg_5491             |   32|          3|   32|         96|
    |sym_offset_5_5_reg_12227            |   32|          2|   32|         64|
    |sym_offset_6_1_reg_1836             |   32|          2|   32|         64|
    |sym_offset_6_2_reg_2410             |   32|          2|   32|         64|
    |sym_offset_6_3_reg_4358             |   32|          2|   32|         64|
    |sym_offset_6_4_reg_5475             |   32|          3|   32|         96|
    |sym_offset_6_5_reg_12173            |   32|          2|   32|         64|
    |sym_offset_7_1_reg_1825             |   32|          2|   32|         64|
    |sym_offset_7_2_reg_2356             |   32|          2|   32|         64|
    |sym_offset_7_3_reg_4347             |   32|          2|   32|         64|
    |sym_offset_7_4_reg_5459             |   32|          3|   32|         96|
    |sym_offset_7_5_reg_12119            |   32|          2|   32|         64|
    |sym_offset_8_1_reg_1814             |   32|          2|   32|         64|
    |sym_offset_8_2_reg_2302             |   32|          2|   32|         64|
    |sym_offset_8_3_reg_4336             |   32|          2|   32|         64|
    |sym_offset_8_4_reg_5443             |   32|          3|   32|         96|
    |sym_offset_8_5_reg_12065            |   32|          2|   32|         64|
    |sym_offset_9_1_reg_1803             |   32|          2|   32|         64|
    |sym_offset_9_2_reg_2248             |   32|          2|   32|         64|
    |sym_offset_9_3_reg_4325             |   32|          2|   32|         64|
    |sym_offset_9_4_reg_5427             |   32|          3|   32|         96|
    |sym_offset_9_5_reg_12011            |   32|          2|   32|         64|
    |tmp_buckets_address0                |    4|          6|    4|         24|
    |tmp_buckets_d0                      |   64|          4|   64|        256|
    +------------------------------------+-----+-----------+-----+-----------+
    |Total                               | 3508|        389| 3304|       8300|
    +------------------------------------+-----+-----------+-----+-----------+

    * Register: 
    +-------------------------------------------------------+----+----+-----+-----------+
    |                          Name                         | FF | LUT| Bits| Const Bits|
    +-------------------------------------------------------+----+----+-----+-----------+
    |all_end_1_reg_12807                                    |   1|   0|    1|          0|
    |all_end_reg_12647                                      |   1|   0|    1|          0|
    |any_end_reg_12691                                      |   1|   0|    1|          0|
    |any_state_0_1_reg_1726                                 |   1|   0|    1|          0|
    |any_state_0_2_reg_3628                                 |   1|   0|    1|          0|
    |any_state_0_3_reg_4248                                 |   1|   0|    1|          0|
    |any_state_0_4_reg_5316                                 |   1|   0|    1|          0|
    |any_state_0_5_reg_8582                                 |   1|   0|    1|          0|
    |any_state_0_6_reg_10525                                |   1|   0|    1|          0|
    |any_state_10_1_reg_1616                                |   1|   0|    1|          0|
    |any_state_10_2_reg_3068                                |   1|   0|    1|          0|
    |any_state_10_3_reg_4138                                |   1|   0|    1|          0|
    |any_state_10_4_reg_5166                                |   1|   0|    1|          0|
    |any_state_10_5_reg_8032                                |   1|   0|    1|          0|
    |any_state_10_6_reg_9935                                |   1|   0|    1|          0|
    |any_state_10_reg_1068                                  |   1|   0|    1|          0|
    |any_state_11_1_reg_1605                                |   1|   0|    1|          0|
    |any_state_11_2_reg_3012                                |   1|   0|    1|          0|
    |any_state_11_3_reg_4127                                |   1|   0|    1|          0|
    |any_state_11_4_reg_5151                                |   1|   0|    1|          0|
    |any_state_11_5_reg_7977                                |   1|   0|    1|          0|
    |any_state_11_6_reg_9876                                |   1|   0|    1|          0|
    |any_state_11_reg_1056                                  |   1|   0|    1|          0|
    |any_state_12_1_reg_1594                                |   1|   0|    1|          0|
    |any_state_12_2_reg_2956                                |   1|   0|    1|          0|
    |any_state_12_3_reg_4116                                |   1|   0|    1|          0|
    |any_state_12_4_reg_5136                                |   1|   0|    1|          0|
    |any_state_12_5_reg_7922                                |   1|   0|    1|          0|
    |any_state_12_6_reg_9817                                |   1|   0|    1|          0|
    |any_state_12_reg_1044                                  |   1|   0|    1|          0|
    |any_state_13_1_reg_1583                                |   1|   0|    1|          0|
    |any_state_13_2_reg_2900                                |   1|   0|    1|          0|
    |any_state_13_3_reg_4105                                |   1|   0|    1|          0|
    |any_state_13_4_reg_5121                                |   1|   0|    1|          0|
    |any_state_13_5_reg_7867                                |   1|   0|    1|          0|
    |any_state_13_6_reg_9758                                |   1|   0|    1|          0|
    |any_state_13_reg_1032                                  |   1|   0|    1|          0|
    |any_state_14_1_reg_1572                                |   1|   0|    1|          0|
    |any_state_14_2_reg_2844                                |   1|   0|    1|          0|
    |any_state_14_3_reg_4094                                |   1|   0|    1|          0|
    |any_state_14_4_reg_5106                                |   1|   0|    1|          0|
    |any_state_14_5_reg_7812                                |   1|   0|    1|          0|
    |any_state_14_6_reg_9699                                |   1|   0|    1|          0|
    |any_state_14_reg_1020                                  |   1|   0|    1|          0|
    |any_state_15_1_reg_1561                                |   1|   0|    1|          0|
    |any_state_15_2_reg_2788                                |   1|   0|    1|          0|
    |any_state_15_3_reg_4083                                |   1|   0|    1|          0|
    |any_state_15_4_reg_5091                                |   1|   0|    1|          0|
    |any_state_15_5_reg_7757                                |   1|   0|    1|          0|
    |any_state_15_6_reg_9640                                |   1|   0|    1|          0|
    |any_state_1_1_reg_1715                                 |   1|   0|    1|          0|
    |any_state_1_2_reg_3572                                 |   1|   0|    1|          0|
    |any_state_1_3_reg_4237                                 |   1|   0|    1|          0|
    |any_state_1_4_reg_5301                                 |   1|   0|    1|          0|
    |any_state_1_5_reg_8527                                 |   1|   0|    1|          0|
    |any_state_1_6_reg_10466                                |   1|   0|    1|          0|
    |any_state_1_reg_1176                                   |   1|   0|    1|          0|
    |any_state_2_1_reg_1704                                 |   1|   0|    1|          0|
    |any_state_2_2_reg_3516                                 |   1|   0|    1|          0|
    |any_state_2_3_reg_4226                                 |   1|   0|    1|          0|
    |any_state_2_4_reg_5286                                 |   1|   0|    1|          0|
    |any_state_2_5_reg_8472                                 |   1|   0|    1|          0|
    |any_state_2_6_reg_10407                                |   1|   0|    1|          0|
    |any_state_2_reg_1164                                   |   1|   0|    1|          0|
    |any_state_3_1_reg_1693                                 |   1|   0|    1|          0|
    |any_state_3_2_reg_3460                                 |   1|   0|    1|          0|
    |any_state_3_3_reg_4215                                 |   1|   0|    1|          0|
    |any_state_3_4_reg_5271                                 |   1|   0|    1|          0|
    |any_state_3_5_reg_8417                                 |   1|   0|    1|          0|
    |any_state_3_6_reg_10348                                |   1|   0|    1|          0|
    |any_state_3_reg_1152                                   |   1|   0|    1|          0|
    |any_state_4_1_reg_1682                                 |   1|   0|    1|          0|
    |any_state_4_2_reg_3404                                 |   1|   0|    1|          0|
    |any_state_4_3_reg_4204                                 |   1|   0|    1|          0|
    |any_state_4_4_reg_5256                                 |   1|   0|    1|          0|
    |any_state_4_5_reg_8362                                 |   1|   0|    1|          0|
    |any_state_4_6_reg_10289                                |   1|   0|    1|          0|
    |any_state_4_reg_1140                                   |   1|   0|    1|          0|
    |any_state_5_1_reg_1671                                 |   1|   0|    1|          0|
    |any_state_5_2_reg_3348                                 |   1|   0|    1|          0|
    |any_state_5_3_reg_4193                                 |   1|   0|    1|          0|
    |any_state_5_4_reg_5241                                 |   1|   0|    1|          0|
    |any_state_5_5_reg_8307                                 |   1|   0|    1|          0|
    |any_state_5_6_reg_10230                                |   1|   0|    1|          0|
    |any_state_5_reg_1128                                   |   1|   0|    1|          0|
    |any_state_6_1_reg_1660                                 |   1|   0|    1|          0|
    |any_state_6_2_reg_3292                                 |   1|   0|    1|          0|
    |any_state_6_3_reg_4182                                 |   1|   0|    1|          0|
    |any_state_6_4_reg_5226                                 |   1|   0|    1|          0|
    |any_state_6_5_reg_8252                                 |   1|   0|    1|          0|
    |any_state_6_6_reg_10171                                |   1|   0|    1|          0|
    |any_state_6_reg_1116                                   |   1|   0|    1|          0|
    |any_state_7_1_reg_1649                                 |   1|   0|    1|          0|
    |any_state_7_2_reg_3236                                 |   1|   0|    1|          0|
    |any_state_7_3_reg_4171                                 |   1|   0|    1|          0|
    |any_state_7_4_reg_5211                                 |   1|   0|    1|          0|
    |any_state_7_5_reg_8197                                 |   1|   0|    1|          0|
    |any_state_7_6_reg_10112                                |   1|   0|    1|          0|
    |any_state_7_reg_1104                                   |   1|   0|    1|          0|
    |any_state_8_1_reg_1638                                 |   1|   0|    1|          0|
    |any_state_8_2_reg_3180                                 |   1|   0|    1|          0|
    |any_state_8_3_reg_4160                                 |   1|   0|    1|          0|
    |any_state_8_4_reg_5196                                 |   1|   0|    1|          0|
    |any_state_8_5_reg_8142                                 |   1|   0|    1|          0|
    |any_state_8_6_reg_10053                                |   1|   0|    1|          0|
    |any_state_8_reg_1092                                   |   1|   0|    1|          0|
    |any_state_9_1_reg_1627                                 |   1|   0|    1|          0|
    |any_state_9_2_reg_3124                                 |   1|   0|    1|          0|
    |any_state_9_3_reg_4149                                 |   1|   0|    1|          0|
    |any_state_9_4_reg_5181                                 |   1|   0|    1|          0|
    |any_state_9_5_reg_8087                                 |   1|   0|    1|          0|
    |any_state_9_6_reg_9994                                 |   1|   0|    1|          0|
    |any_state_9_reg_1080                                   |   1|   0|    1|          0|
    |any_state_load_1_phi_reg_7703                          |   1|   0|    1|          0|
    |any_state_reg_1188                                     |   1|   0|    1|          0|
    |any_state_s_reg_1008                                   |   1|   0|    1|          0|
    |ap_CS_fsm                                              |   6|   0|    6|          0|
    |ap_return_preg                                         |   1|   0|    1|          0|
    |brmerge_demorgan_reg_14680                             |   1|   0|    1|          0|
    |bus_assign_reg_3684                                    |  32|   0|   32|          0|
    |current_buckets_addr_1_reg_14640                       |   4|   0|    4|          0|
    |end_0_1_reg_4072                                       |   1|   0|    1|          0|
    |end_0_2_reg_5076                                       |   1|   0|    1|          0|
    |end_0_3_reg_6719                                       |   1|   0|    1|          0|
    |end_0_reg_5841                                         |   1|   0|    1|          0|
    |end_0_s_reg_996                                        |   1|   0|    1|          0|
    |end_10_1_reg_3962                                      |   1|   0|    1|          0|
    |end_10_2_reg_4926                                      |   1|   0|    1|          0|
    |end_10_3_reg_6159                                      |   1|   0|    1|          0|
    |end_10_s_reg_876                                       |   1|   0|    1|          0|
    |end_11_1_reg_3951                                      |   1|   0|    1|          0|
    |end_11_2_reg_4911                                      |   1|   0|    1|          0|
    |end_11_3_reg_6103                                      |   1|   0|    1|          0|
    |end_11_s_reg_864                                       |   1|   0|    1|          0|
    |end_12_1_reg_3940                                      |   1|   0|    1|          0|
    |end_12_2_reg_4896                                      |   1|   0|    1|          0|
    |end_12_3_reg_6047                                      |   1|   0|    1|          0|
    |end_12_s_reg_852                                       |   1|   0|    1|          0|
    |end_13_1_reg_3929                                      |   1|   0|    1|          0|
    |end_13_2_reg_4881                                      |   1|   0|    1|          0|
    |end_13_3_reg_5991                                      |   1|   0|    1|          0|
    |end_13_s_reg_840                                       |   1|   0|    1|          0|
    |end_14_1_reg_3918                                      |   1|   0|    1|          0|
    |end_14_2_reg_4866                                      |   1|   0|    1|          0|
    |end_14_3_reg_5935                                      |   1|   0|    1|          0|
    |end_14_s_reg_828                                       |   1|   0|    1|          0|
    |end_15_1_reg_3907                                      |   1|   0|    1|          0|
    |end_15_2_reg_4851                                      |   1|   0|    1|          0|
    |end_15_3_reg_5879                                      |   1|   0|    1|          0|
    |end_15_s_reg_816                                       |   1|   0|    1|          0|
    |end_1_1_reg_4061                                       |   1|   0|    1|          0|
    |end_1_2_reg_5061                                       |   1|   0|    1|          0|
    |end_1_3_reg_6663                                       |   1|   0|    1|          0|
    |end_1_s_reg_984                                        |   1|   0|    1|          0|
    |end_2_1_reg_4050                                       |   1|   0|    1|          0|
    |end_2_2_reg_5046                                       |   1|   0|    1|          0|
    |end_2_3_reg_6607                                       |   1|   0|    1|          0|
    |end_2_s_reg_972                                        |   1|   0|    1|          0|
    |end_3_1_reg_4039                                       |   1|   0|    1|          0|
    |end_3_2_reg_5031                                       |   1|   0|    1|          0|
    |end_3_3_reg_6551                                       |   1|   0|    1|          0|
    |end_3_s_reg_960                                        |   1|   0|    1|          0|
    |end_4_1_reg_4028                                       |   1|   0|    1|          0|
    |end_4_2_reg_5016                                       |   1|   0|    1|          0|
    |end_4_3_reg_6495                                       |   1|   0|    1|          0|
    |end_4_s_reg_948                                        |   1|   0|    1|          0|
    |end_5_1_reg_4017                                       |   1|   0|    1|          0|
    |end_5_2_reg_5001                                       |   1|   0|    1|          0|
    |end_5_3_reg_6439                                       |   1|   0|    1|          0|
    |end_5_s_reg_936                                        |   1|   0|    1|          0|
    |end_6_1_reg_4006                                       |   1|   0|    1|          0|
    |end_6_2_reg_4986                                       |   1|   0|    1|          0|
    |end_6_3_reg_6383                                       |   1|   0|    1|          0|
    |end_6_s_reg_924                                        |   1|   0|    1|          0|
    |end_7_1_reg_3995                                       |   1|   0|    1|          0|
    |end_7_2_reg_4971                                       |   1|   0|    1|          0|
    |end_7_3_reg_6327                                       |   1|   0|    1|          0|
    |end_7_s_reg_912                                        |   1|   0|    1|          0|
    |end_8_1_reg_3984                                       |   1|   0|    1|          0|
    |end_8_2_reg_4956                                       |   1|   0|    1|          0|
    |end_8_3_reg_6271                                       |   1|   0|    1|          0|
    |end_8_s_reg_900                                        |   1|   0|    1|          0|
    |end_9_1_reg_3973                                       |   1|   0|    1|          0|
    |end_9_2_reg_4941                                       |   1|   0|    1|          0|
    |end_9_3_reg_6215                                       |   1|   0|    1|          0|
    |end_9_s_reg_888                                        |   1|   0|    1|          0|
    |end_load_phi_reg_12753                                 |   1|   0|    1|          0|
    |end_string_0_2_reg_1542                                |   1|   0|    1|          0|
    |end_string_0_3_reg_4600                                |   1|   0|    1|          0|
    |end_string_0_4_reg_5812                                |   1|   0|    1|          0|
    |end_string_0_5_reg_7649                                |   1|   0|    1|          0|
    |end_string_0_6_reg_11469                               |   1|   0|    1|          0|
    |end_string_0_reg_6828                                  |   1|   0|    1|          0|
    |end_string_10_2_reg_1442                               |   1|   0|    1|          0|
    |end_string_10_3_reg_4490                               |   1|   0|    1|          0|
    |end_string_10_4_reg_5662                               |   1|   0|    1|          0|
    |end_string_10_5_reg_7109                               |   1|   0|    1|          0|
    |end_string_10_6_reg_10879                              |   1|   0|    1|          0|
    |end_string_11_2_reg_1432                               |   1|   0|    1|          0|
    |end_string_11_3_reg_4479                               |   1|   0|    1|          0|
    |end_string_11_4_reg_5647                               |   1|   0|    1|          0|
    |end_string_11_5_reg_7055                               |   1|   0|    1|          0|
    |end_string_11_6_reg_10820                              |   1|   0|    1|          0|
    |end_string_12_2_reg_1422                               |   1|   0|    1|          0|
    |end_string_12_3_reg_4468                               |   1|   0|    1|          0|
    |end_string_12_4_reg_5632                               |   1|   0|    1|          0|
    |end_string_12_5_reg_7001                               |   1|   0|    1|          0|
    |end_string_12_6_reg_10761                              |   1|   0|    1|          0|
    |end_string_13_2_reg_1412                               |   1|   0|    1|          0|
    |end_string_13_3_reg_4457                               |   1|   0|    1|          0|
    |end_string_13_4_reg_5617                               |   1|   0|    1|          0|
    |end_string_13_5_reg_6947                               |   1|   0|    1|          0|
    |end_string_13_6_reg_10702                              |   1|   0|    1|          0|
    |end_string_14_2_reg_1402                               |   1|   0|    1|          0|
    |end_string_14_3_reg_4446                               |   1|   0|    1|          0|
    |end_string_14_4_reg_5602                               |   1|   0|    1|          0|
    |end_string_14_5_reg_6893                               |   1|   0|    1|          0|
    |end_string_14_6_reg_10643                              |   1|   0|    1|          0|
    |end_string_15_2_reg_1392                               |   1|   0|    1|          0|
    |end_string_15_3_reg_4435                               |   1|   0|    1|          0|
    |end_string_15_4_reg_5587                               |   1|   0|    1|          0|
    |end_string_15_5_reg_6839                               |   1|   0|    1|          0|
    |end_string_15_6_reg_10584                              |   1|   0|    1|          0|
    |end_string_1_2_reg_1532                                |   1|   0|    1|          0|
    |end_string_1_3_reg_4589                                |   1|   0|    1|          0|
    |end_string_1_4_reg_5797                                |   1|   0|    1|          0|
    |end_string_1_5_reg_7595                                |   1|   0|    1|          0|
    |end_string_1_6_reg_11410                               |   1|   0|    1|          0|
    |end_string_2_2_reg_1522                                |   1|   0|    1|          0|
    |end_string_2_3_reg_4578                                |   1|   0|    1|          0|
    |end_string_2_4_reg_5782                                |   1|   0|    1|          0|
    |end_string_2_5_reg_7541                                |   1|   0|    1|          0|
    |end_string_2_6_reg_11351                               |   1|   0|    1|          0|
    |end_string_3_2_reg_1512                                |   1|   0|    1|          0|
    |end_string_3_3_reg_4567                                |   1|   0|    1|          0|
    |end_string_3_4_reg_5767                                |   1|   0|    1|          0|
    |end_string_3_5_reg_7487                                |   1|   0|    1|          0|
    |end_string_3_6_reg_11292                               |   1|   0|    1|          0|
    |end_string_4_2_reg_1502                                |   1|   0|    1|          0|
    |end_string_4_3_reg_4556                                |   1|   0|    1|          0|
    |end_string_4_4_reg_5752                                |   1|   0|    1|          0|
    |end_string_4_5_reg_7433                                |   1|   0|    1|          0|
    |end_string_4_6_reg_11233                               |   1|   0|    1|          0|
    |end_string_5_2_reg_1492                                |   1|   0|    1|          0|
    |end_string_5_3_reg_4545                                |   1|   0|    1|          0|
    |end_string_5_4_reg_5737                                |   1|   0|    1|          0|
    |end_string_5_5_reg_7379                                |   1|   0|    1|          0|
    |end_string_5_6_reg_11174                               |   1|   0|    1|          0|
    |end_string_6_2_reg_1482                                |   1|   0|    1|          0|
    |end_string_6_3_reg_4534                                |   1|   0|    1|          0|
    |end_string_6_4_reg_5722                                |   1|   0|    1|          0|
    |end_string_6_5_reg_7325                                |   1|   0|    1|          0|
    |end_string_6_6_reg_11115                               |   1|   0|    1|          0|
    |end_string_7_2_reg_1472                                |   1|   0|    1|          0|
    |end_string_7_3_reg_4523                                |   1|   0|    1|          0|
    |end_string_7_4_reg_5707                                |   1|   0|    1|          0|
    |end_string_7_5_reg_7271                                |   1|   0|    1|          0|
    |end_string_7_6_reg_11056                               |   1|   0|    1|          0|
    |end_string_8_2_reg_1462                                |   1|   0|    1|          0|
    |end_string_8_3_reg_4512                                |   1|   0|    1|          0|
    |end_string_8_4_reg_5692                                |   1|   0|    1|          0|
    |end_string_8_5_reg_7217                                |   1|   0|    1|          0|
    |end_string_8_6_reg_10997                               |   1|   0|    1|          0|
    |end_string_9_2_reg_1452                                |   1|   0|    1|          0|
    |end_string_9_3_reg_4501                                |   1|   0|    1|          0|
    |end_string_9_4_reg_5677                                |   1|   0|    1|          0|
    |end_string_9_5_reg_7163                                |   1|   0|    1|          0|
    |end_string_9_6_reg_10938                               |   1|   0|    1|          0|
    |grp_nfa_get_finals_1_fu_12905_ap_start_ap_start_reg    |   1|   0|    1|          0|
    |grp_nfa_get_initials_1_fu_12896_ap_start_ap_start_reg  |   1|   0|    1|          0|
    |i_1_reg_14270                                          |  16|   0|   16|          0|
    |i_reg_1552                                             |  16|   0|   16|          0|
    |j_0_bucket_index_cast_reg_14592                        |   2|   0|    8|          6|
    |j_0_bucket_index_reg_3706                              |   2|   0|    2|          0|
    |j_0_end_reg_3717                                       |   1|   0|    1|          0|
    |j_15_bit_10_fu_272                                     |   8|   0|    8|          0|
    |j_15_bit_10_load_reg_14329                             |   8|   0|    8|          0|
    |j_15_bit_11_fu_276                                     |   8|   0|    8|          0|
    |j_15_bit_11_load_reg_14334                             |   8|   0|    8|          0|
    |j_15_bit_12_fu_280                                     |   8|   0|    8|          0|
    |j_15_bit_12_load_reg_14339                             |   8|   0|    8|          0|
    |j_15_bit_13_fu_284                                     |   8|   0|    8|          0|
    |j_15_bit_13_load_reg_14344                             |   8|   0|    8|          0|
    |j_15_bit_14_fu_288                                     |   8|   0|    8|          0|
    |j_15_bit_14_load_reg_14349                             |   8|   0|    8|          0|
    |j_15_bit_15_fu_292                                     |   8|   0|    8|          0|
    |j_15_bit_15_load_reg_14354                             |   8|   0|    8|          0|
    |j_15_bit_17_fu_228                                     |   8|   0|    8|          0|
    |j_15_bit_1_fu_236                                      |   8|   0|    8|          0|
    |j_15_bit_1_load_reg_14284                              |   8|   0|    8|          0|
    |j_15_bit_2_fu_240                                      |   8|   0|    8|          0|
    |j_15_bit_2_load_reg_14289                              |   8|   0|    8|          0|
    |j_15_bit_3_fu_244                                      |   8|   0|    8|          0|
    |j_15_bit_3_load_reg_14294                              |   8|   0|    8|          0|
    |j_15_bit_4_fu_248                                      |   8|   0|    8|          0|
    |j_15_bit_4_load_reg_14299                              |   8|   0|    8|          0|
    |j_15_bit_5_fu_252                                      |   8|   0|    8|          0|
    |j_15_bit_5_load_reg_14304                              |   8|   0|    8|          0|
    |j_15_bit_6_fu_256                                      |   8|   0|    8|          0|
    |j_15_bit_6_load_reg_14309                              |   8|   0|    8|          0|
    |j_15_bit_7_fu_260                                      |   8|   0|    8|          0|
    |j_15_bit_7_load_reg_14314                              |   8|   0|    8|          0|
    |j_15_bit_8_fu_264                                      |   8|   0|    8|          0|
    |j_15_bit_8_load_reg_14319                              |   8|   0|    8|          0|
    |j_15_bit_9_fu_268                                      |   8|   0|    8|          0|
    |j_15_bit_9_load_reg_14324                              |   8|   0|    8|          0|
    |j_15_bit_fu_232                                        |   8|   0|    8|          0|
    |j_15_bit_load_reg_14279                                |   8|   0|    8|          0|
    |j_15_end_10_fu_400                                     |   1|   0|    1|          0|
    |j_15_end_10_load_reg_14489                             |   1|   0|    1|          0|
    |j_15_end_11_fu_404                                     |   1|   0|    1|          0|
    |j_15_end_11_load_reg_14494                             |   1|   0|    1|          0|
    |j_15_end_12_fu_408                                     |   1|   0|    1|          0|
    |j_15_end_12_load_reg_14499                             |   1|   0|    1|          0|
    |j_15_end_13_fu_412                                     |   1|   0|    1|          0|
    |j_15_end_13_load_reg_14504                             |   1|   0|    1|          0|
    |j_15_end_14_fu_416                                     |   1|   0|    1|          0|
    |j_15_end_14_load_reg_14509                             |   1|   0|    1|          0|
    |j_15_end_15_fu_420                                     |   1|   0|    1|          0|
    |j_15_end_15_load_reg_14514                             |   1|   0|    1|          0|
    |j_15_end_1_fu_364                                      |   1|   0|    1|          0|
    |j_15_end_1_load_reg_14444                              |   1|   0|    1|          0|
    |j_15_end_2_fu_368                                      |   1|   0|    1|          0|
    |j_15_end_2_load_reg_14449                              |   1|   0|    1|          0|
    |j_15_end_3_fu_372                                      |   1|   0|    1|          0|
    |j_15_end_3_load_reg_14454                              |   1|   0|    1|          0|
    |j_15_end_4_fu_376                                      |   1|   0|    1|          0|
    |j_15_end_4_load_reg_14459                              |   1|   0|    1|          0|
    |j_15_end_5_fu_380                                      |   1|   0|    1|          0|
    |j_15_end_5_load_reg_14464                              |   1|   0|    1|          0|
    |j_15_end_6_fu_384                                      |   1|   0|    1|          0|
    |j_15_end_6_load_reg_14469                              |   1|   0|    1|          0|
    |j_15_end_7_fu_388                                      |   1|   0|    1|          0|
    |j_15_end_7_load_reg_14474                              |   1|   0|    1|          0|
    |j_15_end_8_fu_392                                      |   1|   0|    1|          0|
    |j_15_end_8_load_reg_14479                              |   1|   0|    1|          0|
    |j_15_end_9_fu_396                                      |   1|   0|    1|          0|
    |j_15_end_9_load_reg_14484                              |   1|   0|    1|          0|
    |j_15_end_fu_360                                        |   1|   0|    1|          0|
    |j_15_end_load_reg_14439                                |   1|   0|    1|          0|
    |j_bit_addr12_phi_reg_8637                              |   8|   0|    8|          0|
    |j_bucket_index_0_load_reg_14359                        |   2|   0|    8|          6|
    |j_bucket_index_0_s_fu_296                              |   2|   0|    8|          6|
    |j_bucket_index_10_load_reg_14409                       |   2|   0|    8|          6|
    |j_bucket_index_10_s_fu_336                             |   2|   0|    8|          6|
    |j_bucket_index_11_load_reg_14414                       |   2|   0|    8|          6|
    |j_bucket_index_11_s_fu_340                             |   2|   0|    8|          6|
    |j_bucket_index_12_load_reg_14419                       |   2|   0|    8|          6|
    |j_bucket_index_12_s_fu_344                             |   2|   0|    8|          6|
    |j_bucket_index_13_load_reg_14424                       |   2|   0|    8|          6|
    |j_bucket_index_13_s_fu_348                             |   2|   0|    8|          6|
    |j_bucket_index_14_load_reg_14429                       |   2|   0|    8|          6|
    |j_bucket_index_14_s_fu_352                             |   2|   0|    8|          6|
    |j_bucket_index_15_load_reg_14434                       |   2|   0|    8|          6|
    |j_bucket_index_15_s_fu_356                             |   2|   0|    8|          6|
    |j_bucket_index_1_load_reg_14364                        |   2|   0|    8|          6|
    |j_bucket_index_1_s_fu_300                              |   2|   0|    8|          6|
    |j_bucket_index_2_load_reg_14369                        |   2|   0|    8|          6|
    |j_bucket_index_2_s_fu_304                              |   2|   0|    8|          6|
    |j_bucket_index_3_load_reg_14374                        |   2|   0|    8|          6|
    |j_bucket_index_3_s_fu_308                              |   2|   0|    8|          6|
    |j_bucket_index_4_load_reg_14379                        |   2|   0|    8|          6|
    |j_bucket_index_4_s_fu_312                              |   2|   0|    8|          6|
    |j_bucket_index_5_load_reg_14384                        |   2|   0|    8|          6|
    |j_bucket_index_5_s_fu_316                              |   2|   0|    8|          6|
    |j_bucket_index_6_load_reg_14389                        |   2|   0|    8|          6|
    |j_bucket_index_6_s_fu_320                              |   2|   0|    8|          6|
    |j_bucket_index_7_load_reg_14394                        |   2|   0|    8|          6|
    |j_bucket_index_7_s_fu_324                              |   2|   0|    8|          6|
    |j_bucket_index_8_load_reg_14399                        |   2|   0|    8|          6|
    |j_bucket_index_8_s_fu_328                              |   2|   0|    8|          6|
    |j_bucket_index_9_load_reg_14404                        |   2|   0|    8|          6|
    |j_bucket_index_9_s_fu_332                              |   2|   0|    8|          6|
    |j_bucket_index_addr13_phi_reg_8675                     |   2|   0|    8|          6|
    |k_1_reg_1913                                           |   5|   0|    5|          0|
    |k_2_reg_5827                                           |   5|   0|    5|          0|
    |k_3_reg_12604                                          |   5|   0|    5|          0|
    |k_4_reg_13968                                          |   5|   0|    5|          0|
    |k_5_reg_14522                                          |   5|   0|    5|          0|
    |k_6_reg_14754                                          |   5|   0|    5|          0|
    |k_7_reg_14615                                          |   5|   0|    5|          0|
    |k_reg_612                                              |   5|   0|    5|          0|
    |next_buckets_addr_2_reg_14790                          |   4|   0|    4|          0|
    |next_buckets_addr_3_reg_14635                          |   4|   0|    4|          0|
    |next_buckets_addr_4_reg_14670                          |   4|   0|    4|          0|
    |nfa_forward_buckets_addr_1_read_reg_14746              |  32|   0|   32|          0|
    |nfa_forward_buckets_addr_read_reg_14735                |  32|   0|   32|          0|
    |not_s_reg_14675                                        |   1|   0|    1|          0|
    |offset_reg_11634                                       |  32|   0|   32|          0|
    |p_0_reg_12882                                          |   1|   0|    1|          0|
    |r_1_0_i_lcssa3_reg_3693                                |   1|   0|    1|          0|
    |sample_addr_read_reg_14718                             |   8|   0|    8|          0|
    |state_0_1_reg_3896                                     |   8|   0|    8|          0|
    |state_0_2_reg_4836                                     |   8|   0|    8|          0|
    |state_0_4_reg_9582                                     |   8|   0|    8|          0|
    |state_0_s_reg_804                                      |   8|   0|    8|          0|
    |state_10_1_reg_3786                                    |   8|   0|    8|          0|
    |state_10_2_reg_4686                                    |   8|   0|    8|          0|
    |state_10_4_reg_9002                                    |   8|   0|    8|          0|
    |state_10_s_reg_684                                     |   8|   0|    8|          0|
    |state_11_1_reg_3775                                    |   8|   0|    8|          0|
    |state_11_2_reg_4671                                    |   8|   0|    8|          0|
    |state_11_4_reg_8944                                    |   8|   0|    8|          0|
    |state_11_s_reg_672                                     |   8|   0|    8|          0|
    |state_12_1_reg_3764                                    |   8|   0|    8|          0|
    |state_12_2_reg_4656                                    |   8|   0|    8|          0|
    |state_12_4_reg_8886                                    |   8|   0|    8|          0|
    |state_12_s_reg_660                                     |   8|   0|    8|          0|
    |state_13_1_reg_3753                                    |   8|   0|    8|          0|
    |state_13_2_reg_4641                                    |   8|   0|    8|          0|
    |state_13_4_reg_8828                                    |   8|   0|    8|          0|
    |state_13_s_reg_648                                     |   8|   0|    8|          0|
    |state_14_1_reg_3742                                    |   8|   0|    8|          0|
    |state_14_2_reg_4626                                    |   8|   0|    8|          0|
    |state_14_4_reg_8770                                    |   8|   0|    8|          0|
    |state_14_s_reg_636                                     |   8|   0|    8|          0|
    |state_15_1_reg_3731                                    |   8|   0|    8|          0|
    |state_15_2_reg_4611                                    |   8|   0|    8|          0|
    |state_15_4_reg_8712                                    |   8|   0|    8|          0|
    |state_15_s_reg_624                                     |   8|   0|    8|          0|
    |state_1_1_reg_3885                                     |   8|   0|    8|          0|
    |state_1_2_reg_4821                                     |   8|   0|    8|          0|
    |state_1_4_reg_9524                                     |   8|   0|    8|          0|
    |state_1_s_reg_792                                      |   8|   0|    8|          0|
    |state_2_1_reg_3874                                     |   8|   0|    8|          0|
    |state_2_2_reg_4806                                     |   8|   0|    8|          0|
    |state_2_4_reg_9466                                     |   8|   0|    8|          0|
    |state_2_s_reg_780                                      |   8|   0|    8|          0|
    |state_3_1_reg_3863                                     |   8|   0|    8|          0|
    |state_3_2_reg_4791                                     |   8|   0|    8|          0|
    |state_3_4_reg_9408                                     |   8|   0|    8|          0|
    |state_3_s_reg_768                                      |   8|   0|    8|          0|
    |state_4_1_reg_3852                                     |   8|   0|    8|          0|
    |state_4_2_reg_4776                                     |   8|   0|    8|          0|
    |state_4_4_reg_9350                                     |   8|   0|    8|          0|
    |state_4_s_reg_756                                      |   8|   0|    8|          0|
    |state_5_1_reg_3841                                     |   8|   0|    8|          0|
    |state_5_2_reg_4761                                     |   8|   0|    8|          0|
    |state_5_4_reg_9292                                     |   8|   0|    8|          0|
    |state_5_s_reg_744                                      |   8|   0|    8|          0|
    |state_6_1_reg_3830                                     |   8|   0|    8|          0|
    |state_6_2_reg_4746                                     |   8|   0|    8|          0|
    |state_6_4_reg_9234                                     |   8|   0|    8|          0|
    |state_6_s_reg_732                                      |   8|   0|    8|          0|
    |state_7_1_reg_3819                                     |   8|   0|    8|          0|
    |state_7_2_reg_4731                                     |   8|   0|    8|          0|
    |state_7_4_reg_9176                                     |   8|   0|    8|          0|
    |state_7_s_reg_720                                      |   8|   0|    8|          0|
    |state_8_1_reg_3808                                     |   8|   0|    8|          0|
    |state_8_2_reg_4716                                     |   8|   0|    8|          0|
    |state_8_4_reg_9118                                     |   8|   0|    8|          0|
    |state_8_s_reg_708                                      |   8|   0|    8|          0|
    |state_9_1_reg_3797                                     |   8|   0|    8|          0|
    |state_9_2_reg_4701                                     |   8|   0|    8|          0|
    |state_9_4_reg_9060                                     |   8|   0|    8|          0|
    |state_9_s_reg_696                                      |   8|   0|    8|          0|
    |state_assign_in_reg_12551                              |   8|   0|    8|          0|
    |sym_offset_0_1_reg_1902                                |  32|   0|   32|          0|
    |sym_offset_0_2_reg_2734                                |  32|   0|   32|          0|
    |sym_offset_0_3_reg_4424                                |  32|   0|   32|          0|
    |sym_offset_0_4_reg_5571                                |  32|   0|   32|          0|
    |sym_offset_0_5_reg_12497                               |  32|   0|   32|          0|
    |sym_offset_10_1_reg_1792                               |  32|   0|   32|          0|
    |sym_offset_10_2_reg_2194                               |  32|   0|   32|          0|
    |sym_offset_10_3_reg_4314                               |  32|   0|   32|          0|
    |sym_offset_10_4_reg_5411                               |  32|   0|   32|          0|
    |sym_offset_10_5_reg_11957                              |  32|   0|   32|          0|
    |sym_offset_10_reg_1260                                 |  32|   0|   32|          0|
    |sym_offset_11_1_reg_1781                               |  32|   0|   32|          0|
    |sym_offset_11_2_reg_2140                               |  32|   0|   32|          0|
    |sym_offset_11_3_reg_4303                               |  32|   0|   32|          0|
    |sym_offset_11_4_reg_5395                               |  32|   0|   32|          0|
    |sym_offset_11_5_reg_11903                              |  32|   0|   32|          0|
    |sym_offset_11_reg_1248                                 |  32|   0|   32|          0|
    |sym_offset_12_1_reg_1770                               |  32|   0|   32|          0|
    |sym_offset_12_2_reg_2086                               |  32|   0|   32|          0|
    |sym_offset_12_3_reg_4292                               |  32|   0|   32|          0|
    |sym_offset_12_4_reg_5379                               |  32|   0|   32|          0|
    |sym_offset_12_5_reg_11849                              |  32|   0|   32|          0|
    |sym_offset_12_reg_1236                                 |  32|   0|   32|          0|
    |sym_offset_13_1_reg_1759                               |  32|   0|   32|          0|
    |sym_offset_13_2_reg_2032                               |  32|   0|   32|          0|
    |sym_offset_13_3_reg_4281                               |  32|   0|   32|          0|
    |sym_offset_13_4_reg_5363                               |  32|   0|   32|          0|
    |sym_offset_13_5_reg_11795                              |  32|   0|   32|          0|
    |sym_offset_13_reg_1224                                 |  32|   0|   32|          0|
    |sym_offset_14_1_reg_1748                               |  32|   0|   32|          0|
    |sym_offset_14_2_reg_1978                               |  32|   0|   32|          0|
    |sym_offset_14_3_reg_4270                               |  32|   0|   32|          0|
    |sym_offset_14_4_reg_5347                               |  32|   0|   32|          0|
    |sym_offset_14_5_reg_11741                              |  32|   0|   32|          0|
    |sym_offset_14_reg_1212                                 |  32|   0|   32|          0|
    |sym_offset_15_1_reg_1737                               |  32|   0|   32|          0|
    |sym_offset_15_2_reg_1924                               |  32|   0|   32|          0|
    |sym_offset_15_3_reg_4259                               |  32|   0|   32|          0|
    |sym_offset_15_4_reg_5331                               |  32|   0|   32|          0|
    |sym_offset_15_5_reg_11687                              |  32|   0|   32|          0|
    |sym_offset_1_1_reg_1891                                |  32|   0|   32|          0|
    |sym_offset_1_2_reg_2680                                |  32|   0|   32|          0|
    |sym_offset_1_3_reg_4413                                |  32|   0|   32|          0|
    |sym_offset_1_4_reg_5555                                |  32|   0|   32|          0|
    |sym_offset_1_5_reg_12443                               |  32|   0|   32|          0|
    |sym_offset_1_reg_1368                                  |  32|   0|   32|          0|
    |sym_offset_2_1_reg_1880                                |  32|   0|   32|          0|
    |sym_offset_2_2_reg_2626                                |  32|   0|   32|          0|
    |sym_offset_2_3_reg_4402                                |  32|   0|   32|          0|
    |sym_offset_2_4_reg_5539                                |  32|   0|   32|          0|
    |sym_offset_2_5_reg_12389                               |  32|   0|   32|          0|
    |sym_offset_2_reg_1356                                  |  32|   0|   32|          0|
    |sym_offset_3_1_reg_1869                                |  32|   0|   32|          0|
    |sym_offset_3_2_reg_2572                                |  32|   0|   32|          0|
    |sym_offset_3_3_reg_4391                                |  32|   0|   32|          0|
    |sym_offset_3_4_reg_5523                                |  32|   0|   32|          0|
    |sym_offset_3_5_reg_12335                               |  32|   0|   32|          0|
    |sym_offset_3_reg_1344                                  |  32|   0|   32|          0|
    |sym_offset_4_1_reg_1858                                |  32|   0|   32|          0|
    |sym_offset_4_2_reg_2518                                |  32|   0|   32|          0|
    |sym_offset_4_3_reg_4380                                |  32|   0|   32|          0|
    |sym_offset_4_4_reg_5507                                |  32|   0|   32|          0|
    |sym_offset_4_5_reg_12281                               |  32|   0|   32|          0|
    |sym_offset_4_reg_1332                                  |  32|   0|   32|          0|
    |sym_offset_5_1_reg_1847                                |  32|   0|   32|          0|
    |sym_offset_5_2_reg_2464                                |  32|   0|   32|          0|
    |sym_offset_5_3_reg_4369                                |  32|   0|   32|          0|
    |sym_offset_5_4_reg_5491                                |  32|   0|   32|          0|
    |sym_offset_5_5_reg_12227                               |  32|   0|   32|          0|
    |sym_offset_5_reg_1320                                  |  32|   0|   32|          0|
    |sym_offset_6_1_reg_1836                                |  32|   0|   32|          0|
    |sym_offset_6_2_reg_2410                                |  32|   0|   32|          0|
    |sym_offset_6_3_reg_4358                                |  32|   0|   32|          0|
    |sym_offset_6_4_reg_5475                                |  32|   0|   32|          0|
    |sym_offset_6_5_reg_12173                               |  32|   0|   32|          0|
    |sym_offset_6_reg_1308                                  |  32|   0|   32|          0|
    |sym_offset_7_1_reg_1825                                |  32|   0|   32|          0|
    |sym_offset_7_2_reg_2356                                |  32|   0|   32|          0|
    |sym_offset_7_3_reg_4347                                |  32|   0|   32|          0|
    |sym_offset_7_4_reg_5459                                |  32|   0|   32|          0|
    |sym_offset_7_5_reg_12119                               |  32|   0|   32|          0|
    |sym_offset_7_reg_1296                                  |  32|   0|   32|          0|
    |sym_offset_8_1_reg_1814                                |  32|   0|   32|          0|
    |sym_offset_8_2_reg_2302                                |  32|   0|   32|          0|
    |sym_offset_8_3_reg_4336                                |  32|   0|   32|          0|
    |sym_offset_8_4_reg_5443                                |  32|   0|   32|          0|
    |sym_offset_8_5_reg_12065                               |  32|   0|   32|          0|
    |sym_offset_8_reg_1284                                  |  32|   0|   32|          0|
    |sym_offset_9_1_reg_1803                                |  32|   0|   32|          0|
    |sym_offset_9_2_reg_2248                                |  32|   0|   32|          0|
    |sym_offset_9_3_reg_4325                                |  32|   0|   32|          0|
    |sym_offset_9_4_reg_5427                                |  32|   0|   32|          0|
    |sym_offset_9_5_reg_12011                               |  32|   0|   32|          0|
    |sym_offset_9_reg_1272                                  |  32|   0|   32|          0|
    |sym_offset_reg_1380                                    |  32|   0|   32|          0|
    |sym_offset_s_reg_1200                                  |  32|   0|   32|          0|
    |tmp_10_reg_14775                                       |   5|   0|   64|         59|
    |tmp_36_reg_14538                                       |   4|   0|    4|          0|
    |tmp_37_reg_14631                                       |   4|   0|    4|          0|
    |tmp_38_reg_14781                                       |   4|   0|    4|          0|
    |tmp_5_reg_14621                                        |   5|   0|   64|         59|
    |tmp_7_reg_14542                                        |   1|   0|    1|          0|
    |tmp_8_i1_reg_14723                                     |  14|   0|   14|          0|
    |tmp_8_reg_14527                                        |   5|   0|   64|         59|
    +-------------------------------------------------------+----+----+-----+-----------+
    |Total                                                  |4509|   0| 4890|        381|
    +-------------------------------------------------------+----+----+-----+-----------+



================================================================
== Interface
================================================================
* Summary: 
+----------------------------------+-----+-----+------------+-------------------------+--------------+
|             RTL Ports            | Dir | Bits|  Protocol  |      Source Object      |    C Type    |
+----------------------------------+-----+-----+------------+-------------------------+--------------+
|ap_clk                            |  in |    1| ap_ctrl_hs | nfa_accept_sample_multi | return value |
|ap_rst                            |  in |    1| ap_ctrl_hs | nfa_accept_sample_multi | return value |
|ap_start                          |  in |    1| ap_ctrl_hs | nfa_accept_sample_multi | return value |
|ap_done                           | out |    1| ap_ctrl_hs | nfa_accept_sample_multi | return value |
|ap_idle                           | out |    1| ap_ctrl_hs | nfa_accept_sample_multi | return value |
|ap_ready                          | out |    1| ap_ctrl_hs | nfa_accept_sample_multi | return value |
|ap_return                         | out |    1| ap_ctrl_hs | nfa_accept_sample_multi | return value |
|nfa_initials_buckets_req_din      | out |    1|   ap_bus   |   nfa_initials_buckets  |    pointer   |
|nfa_initials_buckets_req_full_n   |  in |    1|   ap_bus   |   nfa_initials_buckets  |    pointer   |
|nfa_initials_buckets_req_write    | out |    1|   ap_bus   |   nfa_initials_buckets  |    pointer   |
|nfa_initials_buckets_rsp_empty_n  |  in |    1|   ap_bus   |   nfa_initials_buckets  |    pointer   |
|nfa_initials_buckets_rsp_read     | out |    1|   ap_bus   |   nfa_initials_buckets  |    pointer   |
|nfa_initials_buckets_address      | out |   32|   ap_bus   |   nfa_initials_buckets  |    pointer   |
|nfa_initials_buckets_datain       |  in |   64|   ap_bus   |   nfa_initials_buckets  |    pointer   |
|nfa_initials_buckets_dataout      | out |   64|   ap_bus   |   nfa_initials_buckets  |    pointer   |
|nfa_initials_buckets_size         | out |   32|   ap_bus   |   nfa_initials_buckets  |    pointer   |
|nfa_finals_buckets_req_din        | out |    1|   ap_bus   |    nfa_finals_buckets   |    pointer   |
|nfa_finals_buckets_req_full_n     |  in |    1|   ap_bus   |    nfa_finals_buckets   |    pointer   |
|nfa_finals_buckets_req_write      | out |    1|   ap_bus   |    nfa_finals_buckets   |    pointer   |
|nfa_finals_buckets_rsp_empty_n    |  in |    1|   ap_bus   |    nfa_finals_buckets   |    pointer   |
|nfa_finals_buckets_rsp_read       | out |    1|   ap_bus   |    nfa_finals_buckets   |    pointer   |
|nfa_finals_buckets_address        | out |   32|   ap_bus   |    nfa_finals_buckets   |    pointer   |
|nfa_finals_buckets_datain         |  in |   64|   ap_bus   |    nfa_finals_buckets   |    pointer   |
|nfa_finals_buckets_dataout        | out |   64|   ap_bus   |    nfa_finals_buckets   |    pointer   |
|nfa_finals_buckets_size           | out |   32|   ap_bus   |    nfa_finals_buckets   |    pointer   |
|nfa_forward_buckets_req_din       | out |    1|   ap_bus   |   nfa_forward_buckets   |    pointer   |
|nfa_forward_buckets_req_full_n    |  in |    1|   ap_bus   |   nfa_forward_buckets   |    pointer   |
|nfa_forward_buckets_req_write     | out |    1|   ap_bus   |   nfa_forward_buckets   |    pointer   |
|nfa_forward_buckets_rsp_empty_n   |  in |    1|   ap_bus   |   nfa_forward_buckets   |    pointer   |
|nfa_forward_buckets_rsp_read      | out |    1|   ap_bus   |   nfa_forward_buckets   |    pointer   |
|nfa_forward_buckets_address       | out |   32|   ap_bus   |   nfa_forward_buckets   |    pointer   |
|nfa_forward_buckets_datain        |  in |   32|   ap_bus   |   nfa_forward_buckets   |    pointer   |
|nfa_forward_buckets_dataout       | out |   32|   ap_bus   |   nfa_forward_buckets   |    pointer   |
|nfa_forward_buckets_size          | out |   32|   ap_bus   |   nfa_forward_buckets   |    pointer   |
|nfa_symbols                       |  in |    8|   ap_none  |       nfa_symbols       |    pointer   |
|sample_req_din                    | out |    1|   ap_bus   |          sample         |    pointer   |
|sample_req_full_n                 |  in |    1|   ap_bus   |          sample         |    pointer   |
|sample_req_write                  | out |    1|   ap_bus   |          sample         |    pointer   |
|sample_rsp_empty_n                |  in |    1|   ap_bus   |          sample         |    pointer   |
|sample_rsp_read                   | out |    1|   ap_bus   |          sample         |    pointer   |
|sample_address                    | out |   32|   ap_bus   |          sample         |    pointer   |
|sample_datain                     |  in |    8|   ap_bus   |          sample         |    pointer   |
|sample_dataout                    | out |    8|   ap_bus   |          sample         |    pointer   |
|sample_size                       | out |   32|   ap_bus   |          sample         |    pointer   |
|length_r                          |  in |   16|   ap_none  |         length_r        |    scalar    |
|start_indices_address0            | out |    4|  ap_memory |      start_indices      |     array    |
|start_indices_ce0                 | out |    1|  ap_memory |      start_indices      |     array    |
|start_indices_q0                  |  in |   32|  ap_memory |      start_indices      |     array    |
|stop_on_first                     |  in |    1|   ap_none  |      stop_on_first      |    scalar    |
|accept                            |  in |    1|   ap_none  |          accept         |    scalar    |
|units                             |  in |    5|   ap_none  |          units          |    scalar    |
|result_address0                   | out |    4|  ap_memory |          result         |     array    |
|result_ce0                        | out |    1|  ap_memory |          result         |     array    |
|result_we0                        | out |    1|  ap_memory |          result         |     array    |
|result_d0                         | out |    1|  ap_memory |          result         |     array    |
|result_q0                         |  in |    1|  ap_memory |          result         |     array    |
+----------------------------------+-----+-----+------------+-------------------------+--------------+

