

================================================================
== Vivado HLS Report for 'nfa_accept_samples_generic_hw'
================================================================
* Date:           Sat Nov 08 10:20:52 2014

* Version:        2014.1 (build date: Fri Apr 04 13:20:25 PM 2014)
* Project:        oil_plainc_hls
* Solution:       solution_virtex5_plb
* Product family: virtex5 virtex5_fpv5 
* Target device:  xc5vlx50tff1136-3


================================================================
== Performance Estimates
================================================================
+ Timing (ns): 
    * Summary: 
    +---------+-------+----------+------------+
    |  Clock  | Target| Estimated| Uncertainty|
    +---------+-------+----------+------------+
    |default  |  10.00|      7.00|        3.00|
    +---------+-------+----------+------------+

+ Latency (clock cycles): 
    * Summary: 
    +-----+-----+-----+-----+---------+
    |  Latency  |  Interval | Pipeline|
    | min | max | min | max |   Type  |
    +-----+-----+-----+-----+---------+
    |    ?|    ?|    ?|    ?|   none  |
    +-----+-----+-----+-----+---------+

    + Detail: 
        * Instance: 
        +---------------------------------------+----------------------------+-----+-----+-----+-----+---------+
        |                                       |                            |  Latency  |  Interval | Pipeline|
        |                Instance               |           Module           | min | max | min | max |   Type  |
        +---------------------------------------+----------------------------+-----+-----+-----+-----+---------+
        |grp_nfa_accept_sample_multi_fu_268     |nfa_accept_sample_multi     |    ?|    ?|    ?|    ?|   none  |
        |grp_sample_iterator_next_fu_289        |sample_iterator_next        |    3|    3|    3|    3|   none  |
        |grp_sample_iterator_get_offset_fu_297  |sample_iterator_get_offset  |    3|    3|    3|    3|   none  |
        +---------------------------------------+----------------------------+-----+-----+-----+-----+---------+

        * Loop: 
        +-------------+-----+-----+----------+-----------+-----------+----------+----------+
        |             |  Latency  | Iteration|  Initiation Interval  |   Trip   |          |
        |  Loop Name  | min | max |  Latency |  achieved |   target  |   Count  | Pipelined|
        +-------------+-----+-----+----------+-----------+-----------+----------+----------+
        |- Loop 1     |    ?|    ?|         ?|          -|          -| 0 ~ 1000 |    no    |
        | + Loop 1.1  |    ?|    ?|        10|          -|          -|         ?|    no    |
        | + Loop 1.2  |    0|   32|         2|          -|          -|  0 ~ 16  |    no    |
        +-------------+-----+-----+----------+-----------+-----------+----------+----------+



================================================================
== Utilization Estimates
================================================================
* Summary: 
+-----------------+---------+-------+-------+-------+
|       Name      | BRAM_18K| DSP48E|   FF  |  LUT  |
+-----------------+---------+-------+-------+-------+
|Expression       |        -|      -|      0|     75|
|FIFO             |        -|      -|      -|      -|
|Instance         |       12|      2|   4715|   4010|
|Memory           |        0|      -|     66|     89|
|Multiplexer      |        -|      -|      -|    202|
|Register         |        -|      -|    127|      -|
+-----------------+---------+-------+-------+-------+
|Total            |       12|      2|   4908|   4376|
+-----------------+---------+-------+-------+-------+
|Available        |      120|     48|  28800|  28800|
+-----------------+---------+-------+-------+-------+
|Utilization (%)  |       10|      4|     17|     15|
+-----------------+---------+-------+-------+-------+

+ Detail: 
    * Instance: 
    +---------------------------------------+----------------------------+---------+-------+------+------+
    |                Instance               |           Module           | BRAM_18K| DSP48E|  FF  |  LUT |
    +---------------------------------------+----------------------------+---------+-------+------+------+
    |grp_nfa_accept_sample_multi_fu_268     |nfa_accept_sample_multi     |       12|      1|  4655|  3922|
    |grp_sample_iterator_get_offset_fu_297  |sample_iterator_get_offset  |        0|      1|    42|     0|
    |grp_sample_iterator_next_fu_289        |sample_iterator_next        |        0|      0|    18|    88|
    +---------------------------------------+----------------------------+---------+-------+------+------+
    |Total                                  |                            |       12|      2|  4715|  4010|
    +---------------------------------------+----------------------------+---------+-------+------+------+

    * Memory: 
    +-----------------+---------------------------------------------+---------+------+-----+------+-------------+
    |      Memory     |                    Module                   | BRAM_18K| Words| Bits| Banks| W*Bits*Banks|
    +-----------------+---------------------------------------------+---------+------+-----+------+-------------+
    |result_U         |nfa_accept_samples_generic_hw_result         |        0|    16|    1|     1|           16|
    |start_indices_U  |nfa_accept_samples_generic_hw_start_indices  |        0|    16|   32|     1|          512|
    +-----------------+---------------------------------------------+---------+------+-----+------+-------------+
    |Total            |                                             |        0|    32|   33|     2|          528|
    +-----------------+---------------------------------------------+---------+------+-----+------+-------------+

    * FIFO: 
    N/A

    * Expression: 
    +----------------------------+----------+-------+---+----+------------+------------+
    |        Variable Name       | Operation| DSP48E| FF| LUT| Bitwidth P0| Bitwidth P1|
    +----------------------------+----------+-------+---+----+------------+------------+
    |c_1_fu_419_p2               |     +    |      0|  0|  16|          16|           1|
    |k_2_fu_398_p2               |     +    |      0|  0|   5|           5|           1|
    |units_fu_334_p2             |     +    |      0|  0|   5|           5|           1|
    |p_c_1_fu_425_p3             |  Select  |      0|  0|  16|           1|          16|
    |tmp_5_fu_412_p3             |  Select  |      0|  0|  16|           1|          16|
    |ap_sig_bdd_287              |    and   |      0|  0|   1|           1|           1|
    |brmerge_demorgan_fu_387_p2  |    and   |      0|  0|   1|           1|           1|
    |finished_3_fu_358_p2        |    and   |      0|  0|   1|           1|           1|
    |exitcond_fu_392_p2          |   icmp   |      0|  0|   2|           5|           5|
    |tmp_i_16_fu_353_p2          |   icmp   |      0|  0|   6|          16|          16|
    |tmp_i_fu_348_p2             |   icmp   |      0|  0|   6|          16|          16|
    +----------------------------+----------+-------+---+----+------------+------------+
    |Total                       |          |      0|  0|  75|          68|          75|
    +----------------------------+----------+-------+---+----+------------+------------+

    * Multiplexer: 
    +------------------------+----+-----------+-----+-----------+
    |          Name          | LUT| Input Size| Bits| Total Bits|
    +------------------------+----+-----------+-----+-----------+
    |c_fu_106                |  16|          2|   16|         32|
    |i_index_fu_110          |  16|          2|   16|         32|
    |i_sample_fu_114         |  16|          2|   16|         32|
    |indices_address         |  32|          3|   32|         96|
    |indices_dataout         |  56|          3|   56|        168|
    |indices_size            |  32|          3|   32|         96|
    |indvars_iv_reg_208      |   5|          2|    5|         10|
    |k_1_reg_245             |   5|          2|    5|         10|
    |p_0_reg_256             |  16|          2|   16|         32|
    |result_address0         |   4|          3|    4|         12|
    |start_indices_address0  |   4|          3|    4|         12|
    +------------------------+----+-----------+-----+-----------+
    |Total                   | 202|         27|  202|        532|
    +------------------------+----+-----------+-----+-----------+

    * Register: 
    +-------------------------------------------------------------+----+----+-----+-----------+
    |                             Name                            | FF | LUT| Bits| Const Bits|
    +-------------------------------------------------------------+----+----+-----+-----------+
    |ap_CS_fsm                                                    |   4|   0|    4|          0|
    |c_fu_106                                                     |  16|   0|   16|          0|
    |finished_1_reg_220                                           |   1|   0|    1|          0|
    |finished_2_reg_233                                           |   1|   0|    1|          0|
    |finished_reg_196                                             |   1|   0|    1|          0|
    |grp_nfa_accept_sample_multi_fu_268_ap_start_ap_start_reg     |   1|   0|    1|          0|
    |grp_sample_iterator_get_offset_fu_297_ap_start_ap_start_reg  |   1|   0|    1|          0|
    |grp_sample_iterator_next_fu_289_ap_start_ap_start_reg        |   1|   0|    1|          0|
    |i_index_fu_110                                               |  16|   0|   16|          0|
    |i_index_load_reg_504                                         |  16|   0|   16|          0|
    |i_sample_fu_114                                              |  16|   0|   16|          0|
    |i_sample_load_reg_510                                        |  16|   0|   16|          0|
    |indvars_iv_reg_208                                           |   5|   0|    5|          0|
    |k_1_reg_245                                                  |   5|   0|    5|          0|
    |k_2_reg_532                                                  |   5|   0|    5|          0|
    |p_0_reg_256                                                  |  16|   0|   16|          0|
    |stop_on_first_meet_reg_521                                   |   1|   0|    1|          0|
    |units_reg_499                                                |   5|   0|    5|          0|
    +-------------------------------------------------------------+----+----+-----+-----------+
    |Total                                                        | 127|   0|  127|          0|
    +-------------------------------------------------------------+----+----+-----+-----------+



================================================================
== Interface
================================================================
* Summary: 
+----------------------------------+-----+-----+------------+-------------------------------+--------------+
|             RTL Ports            | Dir | Bits|  Protocol  |         Source Object         |    C Type    |
+----------------------------------+-----+-----+------------+-------------------------------+--------------+
|ap_clk                            |  in |    1| ap_ctrl_hs | nfa_accept_samples_generic_hw | return value |
|ap_rst                            |  in |    1| ap_ctrl_hs | nfa_accept_samples_generic_hw | return value |
|ap_start                          |  in |    1| ap_ctrl_hs | nfa_accept_samples_generic_hw | return value |
|ap_done                           | out |    1| ap_ctrl_hs | nfa_accept_samples_generic_hw | return value |
|ap_idle                           | out |    1| ap_ctrl_hs | nfa_accept_samples_generic_hw | return value |
|ap_ready                          | out |    1| ap_ctrl_hs | nfa_accept_samples_generic_hw | return value |
|ap_return                         | out |   32| ap_ctrl_hs | nfa_accept_samples_generic_hw | return value |
|nfa_initials_buckets_req_din      | out |    1|   ap_bus   |      nfa_initials_buckets     |    pointer   |
|nfa_initials_buckets_req_full_n   |  in |    1|   ap_bus   |      nfa_initials_buckets     |    pointer   |
|nfa_initials_buckets_req_write    | out |    1|   ap_bus   |      nfa_initials_buckets     |    pointer   |
|nfa_initials_buckets_rsp_empty_n  |  in |    1|   ap_bus   |      nfa_initials_buckets     |    pointer   |
|nfa_initials_buckets_rsp_read     | out |    1|   ap_bus   |      nfa_initials_buckets     |    pointer   |
|nfa_initials_buckets_address      | out |   32|   ap_bus   |      nfa_initials_buckets     |    pointer   |
|nfa_initials_buckets_datain       |  in |   64|   ap_bus   |      nfa_initials_buckets     |    pointer   |
|nfa_initials_buckets_dataout      | out |   64|   ap_bus   |      nfa_initials_buckets     |    pointer   |
|nfa_initials_buckets_size         | out |   32|   ap_bus   |      nfa_initials_buckets     |    pointer   |
|nfa_finals_buckets_req_din        | out |    1|   ap_bus   |       nfa_finals_buckets      |    pointer   |
|nfa_finals_buckets_req_full_n     |  in |    1|   ap_bus   |       nfa_finals_buckets      |    pointer   |
|nfa_finals_buckets_req_write      | out |    1|   ap_bus   |       nfa_finals_buckets      |    pointer   |
|nfa_finals_buckets_rsp_empty_n    |  in |    1|   ap_bus   |       nfa_finals_buckets      |    pointer   |
|nfa_finals_buckets_rsp_read       | out |    1|   ap_bus   |       nfa_finals_buckets      |    pointer   |
|nfa_finals_buckets_address        | out |   32|   ap_bus   |       nfa_finals_buckets      |    pointer   |
|nfa_finals_buckets_datain         |  in |   64|   ap_bus   |       nfa_finals_buckets      |    pointer   |
|nfa_finals_buckets_dataout        | out |   64|   ap_bus   |       nfa_finals_buckets      |    pointer   |
|nfa_finals_buckets_size           | out |   32|   ap_bus   |       nfa_finals_buckets      |    pointer   |
|nfa_forward_buckets_req_din       | out |    1|   ap_bus   |      nfa_forward_buckets      |    pointer   |
|nfa_forward_buckets_req_full_n    |  in |    1|   ap_bus   |      nfa_forward_buckets      |    pointer   |
|nfa_forward_buckets_req_write     | out |    1|   ap_bus   |      nfa_forward_buckets      |    pointer   |
|nfa_forward_buckets_rsp_empty_n   |  in |    1|   ap_bus   |      nfa_forward_buckets      |    pointer   |
|nfa_forward_buckets_rsp_read      | out |    1|   ap_bus   |      nfa_forward_buckets      |    pointer   |
|nfa_forward_buckets_address       | out |   32|   ap_bus   |      nfa_forward_buckets      |    pointer   |
|nfa_forward_buckets_datain        |  in |   32|   ap_bus   |      nfa_forward_buckets      |    pointer   |
|nfa_forward_buckets_dataout       | out |   32|   ap_bus   |      nfa_forward_buckets      |    pointer   |
|nfa_forward_buckets_size          | out |   32|   ap_bus   |      nfa_forward_buckets      |    pointer   |
|nfa_symbols                       |  in |    8|   ap_none  |          nfa_symbols          |    pointer   |
|sample_buffer_req_din             | out |    1|   ap_bus   |         sample_buffer         |    pointer   |
|sample_buffer_req_full_n          |  in |    1|   ap_bus   |         sample_buffer         |    pointer   |
|sample_buffer_req_write           | out |    1|   ap_bus   |         sample_buffer         |    pointer   |
|sample_buffer_rsp_empty_n         |  in |    1|   ap_bus   |         sample_buffer         |    pointer   |
|sample_buffer_rsp_read            | out |    1|   ap_bus   |         sample_buffer         |    pointer   |
|sample_buffer_address             | out |   32|   ap_bus   |         sample_buffer         |    pointer   |
|sample_buffer_datain              |  in |    8|   ap_bus   |         sample_buffer         |    pointer   |
|sample_buffer_dataout             | out |    8|   ap_bus   |         sample_buffer         |    pointer   |
|sample_buffer_size                | out |   32|   ap_bus   |         sample_buffer         |    pointer   |
|sample_buffer_length              |  in |   32|   ap_none  |      sample_buffer_length     |    scalar    |
|sample_length                     |  in |   16|   ap_none  |         sample_length         |    scalar    |
|indices_req_din                   | out |    1|   ap_bus   |            indices            |    pointer   |
|indices_req_full_n                |  in |    1|   ap_bus   |            indices            |    pointer   |
|indices_req_write                 | out |    1|   ap_bus   |            indices            |    pointer   |
|indices_rsp_empty_n               |  in |    1|   ap_bus   |            indices            |    pointer   |
|indices_rsp_read                  | out |    1|   ap_bus   |            indices            |    pointer   |
|indices_address                   | out |   32|   ap_bus   |            indices            |    pointer   |
|indices_datain                    |  in |   56|   ap_bus   |            indices            |    pointer   |
|indices_dataout                   | out |   56|   ap_bus   |            indices            |    pointer   |
|indices_size                      | out |   32|   ap_bus   |            indices            |    pointer   |
|i_size                            |  in |   16|   ap_none  |             i_size            |    scalar    |
|begin_index                       |  in |   16|   ap_none  |          begin_index          |    scalar    |
|begin_sample                      |  in |   16|   ap_none  |          begin_sample         |    scalar    |
|end_index                         |  in |   16|   ap_none  |           end_index           |    scalar    |
|end_sample                        |  in |   16|   ap_none  |           end_sample          |    scalar    |
|stop_on_first                     |  in |    1|   ap_none  |         stop_on_first         |    scalar    |
|accept                            |  in |    1|   ap_none  |             accept            |    scalar    |
+----------------------------------+-----+-----+------------+-------------------------------+--------------+

