Z:\oil_plainc_hls\impl\impl_test_multi\implementation\system.ngc 1398354096
Z:/oil_plainc_hls/impl/impl_test_multi/implementation/system_microblaze_0_wrapper.ngc 1398353797
Z:/oil_plainc_hls/impl/impl_test_multi/implementation/system_mb_plb_wrapper.ngc 1398353324
Z:/oil_plainc_hls/impl/impl_test_multi/implementation/system_ilmb_wrapper.ngc 1398353803
Z:/oil_plainc_hls/impl/impl_test_multi/implementation/system_dlmb_wrapper.ngc 1398353809
Z:/oil_plainc_hls/impl/impl_test_multi/implementation/system_dlmb_cntlr_wrapper.ngc 1398353354
Z:/oil_plainc_hls/impl/impl_test_multi/implementation/system_ilmb_cntlr_wrapper.ngc 1398353364
Z:/oil_plainc_hls/impl/impl_test_multi/implementation/system_lmb_bram_wrapper.ngc 1398353376
Z:/oil_plainc_hls/impl/impl_test_multi/implementation/system_sram_wrapper.ngc 1398353409
Z:/oil_plainc_hls/impl/impl_test_multi/implementation/system_ddr2_sdram_wrapper.ngc 1398353817
Z:/oil_plainc_hls/impl/impl_test_multi/implementation/system_clock_generator_0_wrapper.ngc 1398353823
Z:/oil_plainc_hls/impl/impl_test_multi/implementation/system_mdm_0_wrapper.ngc 1398353662
Z:/oil_plainc_hls/impl/impl_test_multi/implementation/system_proc_sys_reset_0_wrapper.ngc 1398353673
Z:/oil_plainc_hls/impl/impl_test_multi/implementation/system_nfa_accept_samples_generic_hw_top_0_wrapper.ngc 1398353746
Z:/oil_plainc_hls/impl/impl_test_multi/implementation/system_plb_v46_0_wrapper.ngc 1398353767
Z:/oil_plainc_hls/impl/impl_test_multi/implementation/system_plb_v46_1_wrapper.ngc 1398353789
OK
